
> build
> npm run version:auto && vite build && npm run pwa:update


> version:auto
> node tools/auto-version.js

≡ƒöä Auto-incrementing version for new build...
Current version: 4.0.58
New version: 4.0.59
Build hash: 074b5a7d
Γ£à package.json updated to: 4.0.59
Γ£à .env.example updated to: 4.0.59
Γ£à Build metadata created: v4.0.59 (074b5a7d)
Γ£à Auto-version completed successfully!
[36mvite v6.4.2 [32mbuilding for production...[36m[39m
transforming...
[32mΓ£ô[39m 3666 modules transformed.
node.exe : [33mCircular chunk: vendor-inertia -> vendor-utils -> 
vendor-inertia. Please adjust the manual chunk logic for these chunks.[39m
At line:1 char:1
+ & "C:\Program Files\nodejs/node.exe" "C:\Users\Emam Hosen\AppData\Roa ...
+ ~~~~~~~~~~~~~~~~~~~~~~~~~~~~~~~~~~~~~~~~~~~~~~~~~~~~~~~~~~~~~~~~~~~~~
    + CategoryInfo          : NotSpecified: ([33mCircular c...se chunks.[39m 
   :String) [], RemoteException
    + FullyQualifiedErrorId : NativeCommandError
 
[33mGenerated an empty chunk: "vendor-react".[39m
rendering chunks...
computing gzip size...
[2mpublic/build/[22m[32massets/png/fullscreen-DFMLH-5d.png                          [39m[1m[2m  0.30 kB[22m[1m[22m
[2mpublic/build/[22m[32massets/png/fullscreen@2x-Doy5F3yZ.png                       [39m[1m[2m  0.42 kB[22m[1m[22m
[2mpublic/build/[22m[32massets/png/layers-BWBAp2CZ.png                              [39m[1m[2m  0.70 kB[22m[1m[22m
[2mpublic/build/[22m[32massets/png/layers-2x-Bpkbi35X.png                           [39m[1m[2m  1.26 kB[22m[1m[22m
[2mpublic/build/[22m[32massets/png/marker-icon-hN30_KVU.png                         [39m[1m[2m  1.47 kB[22m[1m[22m
[2mpublic/build/[22m[32massets/woff/roboto-greek-ext-300-normal-DfD0Kwym.woff       [39m[1m[2m  1.55 kB[22m[1m[22m
[2mpublic/build/[22m[32massets/woff/roboto-greek-ext-700-normal-3CXFTNPo.woff       [39m[1m[2m  1.55 kB[22m[1m[22m
[2mpublic/build/[22m[32massets/woff/roboto-greek-ext-500-normal-DLhVWJrH.woff       [39m[1m[2m  1.56 kB[22m[1m[22m
[2mpublic/build/[22m[32massets/woff/roboto-greek-ext-400-normal-jdwwPINv.woff       [39m[1m[2m  1.56 kB[22m[1m[22m
[2mpublic/build/[22m[32massets/woff2/roboto-greek-ext-500-normal-CQLBPaP8.woff2     [39m[1m[2m  3.67 kB[22m[1m[22m
[2mpublic/build/[22m[32massets/woff2/roboto-greek-ext-700-normal-1G9CJYgT.woff2     [39m[1m[2m  3.68 kB[22m[1m[22m
[2mpublic/build/[22m[32massets/woff2/roboto-greek-ext-400-normal-C7ftzq0i.woff2     [39m[1m[2m  3.68 kB[22m[1m[22m
[2mpublic/build/[22m[32massets/woff2/roboto-greek-ext-300-normal-BbiXjK5K.woff2     [39m[1m[2m  3.68 kB[22m[1m[22m
[2mpublic/build/[22m[32massets/woff/roboto-vietnamese-400-normal-DnpnVwnf.woff      [39m[1m[2m  6.34 kB[22m[1m[22m
[2mpublic/build/[22m[32massets/woff/roboto-vietnamese-700-normal-DsFyXAL4.woff      [39m[1m[2m  6.38 kB[22m[1m[22m
[2mpublic/build/[22m[32massets/woff/roboto-vietnamese-300-normal-INUupD3o.woff      [39m[1m[2m  6.40 kB[22m[1m[22m
[2mpublic/build/[22m[32massets/woff/roboto-vietnamese-500-normal-D380IkQ8.woff      [39m[1m[2m  6.41 kB[22m[1m[22m
[2mpublic/build/[22m[32massets/woff/roboto-greek-400-normal-Bb5mj_fZ.woff           [39m[1m[2m  7.67 kB[22m[1m[22m
[2mpublic/build/[22m[32massets/woff/roboto-greek-700-normal-DjRqqLBV.woff           [39m[1m[2m  7.68 kB[22m[1m[22m
[2mpublic/build/[22m[32massets/woff/roboto-greek-300-normal-C_Dgaih9.woff           [39m[1m[2m  7.68 kB[22m[1m[22m
[2mpublic/build/[22m[32massets/woff/roboto-greek-500-normal-oCqhoyfc.woff           [39m[1m[2m  7.71 kB[22m[1m[22m
[2mpublic/build/[22m[32massets/woff2/roboto-vietnamese-400-normal-D2PTxGxD.woff2    [39m[1m[2m  8.37 kB[22m[1m[22m
[2mpublic/build/[22m[32massets/woff2/roboto-vietnamese-300-normal-BPvXm_f1.woff2    [39m[1m[2m  8.38 kB[22m[1m[22m
[2mpublic/build/[22m[32massets/woff2/roboto-vietnamese-700-normal-BEVeWqJt.woff2    [39m[1m[2m  8.42 kB[22m[1m[22m
[2mpublic/build/[22m[32massets/woff2/roboto-vietnamese-500-normal-B3ncpOoB.woff2    [39m[1m[2m  8.54 kB[22m[1m[22m
[2mpublic/build/[22m[32massets/woff/roboto-symbols-500-normal-F7c8nfcH.woff         [39m[1m[2m  8.96 kB[22m[1m[22m
[2mpublic/build/[22m[32massets/woff/roboto-symbols-400-normal-DLYbZahX.woff         [39m[1m[2m  8.97 kB[22m[1m[22m
[2mpublic/build/[22m[32massets/woff/roboto-symbols-700-normal-BoS6HWkc.woff         [39m[1m[2m  8.99 kB[22m[1m[22m
[2mpublic/build/[22m[32massets/woff/roboto-symbols-300-normal-BCnjhQd_.woff         [39m[1m[2m  9.06 kB[22m[1m[22m
[2mpublic/build/[22m[32massets/woff2/roboto-greek-300-normal-DJEM9B4Z.woff2         [39m[1m[2m  9.50 kB[22m[1m[22m
[2mpublic/build/[22m[32massets/woff2/roboto-greek-400-normal-ai2Z1K3C.woff2         [39m[1m[2m  9.56 kB[22m[1m[22m
[2mpublic/build/[22m[32massets/woff2/roboto-greek-500-normal-C9AnhcmC.woff2         [39m[1m[2m  9.62 kB[22m[1m[22m
[2mpublic/build/[22m[32massets/woff2/roboto-greek-700-normal-0aHWxGLu.woff2         [39m[1m[2m  9.63 kB[22m[1m[22m
[2mpublic/build/[22m[32massets/woff/roboto-cyrillic-400-normal-Bjg-1-sg.woff        [39m[1m[2m 10.52 kB[22m[1m[22m
[2mpublic/build/[22m[32massets/woff/roboto-cyrillic-300-normal-DEFNdjk5.woff        [39m[1m[2m 10.58 kB[22m[1m[22m
[2mpublic/build/[22m[32massets/woff2/roboto-symbols-300-normal-DDU7avhj.woff2       [39m[1m[2m 10.70 kB[22m[1m[22m
[2mpublic/build/[22m[32massets/woff/roboto-cyrillic-500-normal-CBKMylY4.woff        [39m[1m[2m 10.73 kB[22m[1m[22m
[2mpublic/build/[22m[32massets/woff2/roboto-symbols-400-normal-CB1Ce4Gk.woff2       [39m[1m[2m 10.74 kB[22m[1m[22m
[2mpublic/build/[22m[32massets/woff/roboto-cyrillic-700-normal-DhZFXDSN.woff        [39m[1m[2m 10.75 kB[22m[1m[22m
[2mpublic/build/[22m[32massets/woff2/roboto-symbols-500-normal-B_CZKVJS.woff2       [39m[1m[2m 10.84 kB[22m[1m[22m
[2mpublic/build/[22m[32massets/woff2/roboto-symbols-700-normal-BiFDindJ.woff2       [39m[1m[2m 10.87 kB[22m[1m[22m
[2mpublic/build/[22m[32massets/woff2/roboto-cyrillic-400-normal-CBPI_iaY.woff2      [39m[1m[2m 12.11 kB[22m[1m[22m
[2mpublic/build/[22m[32massets/woff2/roboto-cyrillic-300-normal-DzUz0kzv.woff2      [39m[1m[2m 12.26 kB[22m[1m[22m
[2mpublic/build/[22m[32massets/woff2/roboto-cyrillic-500-normal-CLao9AfR.woff2      [39m[1m[2m 12.35 kB[22m[1m[22m
[2mpublic/build/[22m[32massets/woff2/roboto-cyrillic-700-normal-C2o7G-SM.woff2      [39m[1m[2m 12.42 kB[22m[1m[22m
[2mpublic/build/[22m[32massets/png/logo-DFQfDCzR.png                                [39m[1m[2m 13.03 kB[22m[1m[22m
[2mpublic/build/[22m[32massets/woff/roboto-latin-ext-400-normal-scX0fKtV.woff       [39m[1m[2m 14.31 kB[22m[1m[22m
[2mpublic/build/[22m[32massets/woff/roboto-latin-ext-700-normal-BUhwtWwy.woff       [39m[1m[2m 14.32 kB[22m[1m[22m
[2mpublic/build/[22m[32massets/woff/roboto-latin-ext-500-normal-Cyc0AKLz.woff       [39m[1m[2m 14.39 kB[22m[1m[22m
[2mpublic/build/[22m[32massets/woff/roboto-latin-ext-300-normal-CTCCHkZF.woff       [39m[1m[2m 14.45 kB[22m[1m[22m
[2mpublic/build/[22m[32massets/woff2/roboto-latin-ext-300-normal-B90pq-BC.woff2     [39m[1m[2m 15.01 kB[22m[1m[22m
[2mpublic/build/[22m[32massets/woff2/roboto-latin-ext-400-normal-C3tdtHj3.woff2     [39m[1m[2m 15.04 kB[22m[1m[22m
[2mpublic/build/[22m[32massets/woff2/roboto-latin-ext-500-normal-pMCM9Ixg.woff2     [39m[1m[2m 15.16 kB[22m[1m[22m
[2mpublic/build/[22m[32massets/woff2/roboto-latin-ext-700-normal-DSBUz0N1.woff2     [39m[1m[2m 15.20 kB[22m[1m[22m
[2mpublic/build/[22m[32massets/woff/roboto-cyrillic-ext-400-normal-CaK1767H.woff    [39m[1m[2m 16.34 kB[22m[1m[22m
[2mpublic/build/[22m[32massets/woff/roboto-cyrillic-ext-300-normal-D7ank4TF.woff    [39m[1m[2m 16.34 kB[22m[1m[22m
[2mpublic/build/[22m[32massets/woff/roboto-cyrillic-ext-500-normal-DqF2hftb.woff    [39m[1m[2m 16.47 kB[22m[1m[22m
[2mpublic/build/[22m[32massets/woff/roboto-cyrillic-ext-700-normal-CI7FH63F.woff    [39m[1m[2m 16.48 kB[22m[1m[22m
[2mpublic/build/[22m[32massets/woff2/roboto-cyrillic-ext-400-normal-qHufge6k.woff2  [39m[1m[2m 17.37 kB[22m[1m[22m
[2mpublic/build/[22m[32massets/woff2/roboto-cyrillic-ext-300-normal-DIxttMbC.woff2  [39m[1m[2m 17.50 kB[22m[1m[22m
[2mpublic/build/[22m[32massets/woff2/roboto-cyrillic-ext-500-normal-BWC_xYeb.woff2  [39m[1m[2m 17.60 kB[22m[1m[22m
[2mpublic/build/[22m[32massets/woff2/roboto-cyrillic-ext-700-normal-DmFxo5wj.woff2  [39m[1m[2m 17.62 kB[22m[1m[22m
[2mpublic/build/[22m[32massets/woff/roboto-math-400-normal-C9RxBKAh.woff            [39m[1m[2m 19.23 kB[22m[1m[22m
[2mpublic/build/[22m[32massets/woff/roboto-math-500-normal-C-7mKPO3.woff            [39m[1m[2m 19.31 kB[22m[1m[22m
[2mpublic/build/[22m[32massets/woff/roboto-math-700-normal-DVoD5t2k.woff            [39m[1m[2m 19.35 kB[22m[1m[22m
[2mpublic/build/[22m[32massets/woff/roboto-math-300-normal-Ds0YpBw2.woff            [39m[1m[2m 19.42 kB[22m[1m[22m
[2mpublic/build/[22m[32massets/woff2/roboto-math-400-normal-BEFej5gc.woff2          [39m[1m[2m 20.09 kB[22m[1m[22m
[2mpublic/build/[22m[32massets/woff2/roboto-math-300-normal-5dF_7mZP.woff2          [39m[1m[2m 20.09 kB[22m[1m[22m
[2mpublic/build/[22m[32massets/woff2/roboto-math-500-normal-C4NU9gLX.woff2          [39m[1m[2m 20.30 kB[22m[1m[22m
[2mpublic/build/[22m[32massets/woff2/roboto-math-700-normal-B8YqGHVc.woff2          [39m[1m[2m 20.39 kB[22m[1m[22m
[2mpublic/build/[22m[32massets/woff/roboto-latin-400-normal-DyYNIH4P.woff           [39m[1m[2m 21.78 kB[22m[1m[22m
[2mpublic/build/[22m[32massets/woff2/roboto-latin-400-normal-BqEyEoaF.woff2         [39m[1m[2m 21.88 kB[22m[1m[22m
[2mpublic/build/[22m[32massets/woff/roboto-latin-500-normal-DQZyH_nt.woff           [39m[1m[2m 21.92 kB[22m[1m[22m
[2mpublic/build/[22m[32massets/woff/roboto-latin-700-normal-DLgJJpmK.woff           [39m[1m[2m 21.92 kB[22m[1m[22m
[2mpublic/build/[22m[32massets/woff2/roboto-latin-300-normal-CCzlftfr.woff2         [39m[1m[2m 22.07 kB[22m[1m[22m
[2mpublic/build/[22m[32massets/woff/roboto-latin-300-normal-BARJ-h6h.woff           [39m[1m[2m 22.08 kB[22m[1m[22m
[2mpublic/build/[22m[32massets/woff2/roboto-latin-500-normal-7RbcRiD8.woff2         [39m[1m[2m 22.20 kB[22m[1m[22m
[2mpublic/build/[22m[32massets/woff2/roboto-latin-700-normal-BZpUvMxY.woff2         [39m[1m[2m 22.24 kB[22m[1m[22m
[2mpublic/build/[22m[32mmanifest.json                                               [39m[1m[2m 85.76 kB[22m[1m[22m[2m Γöé gzip:   8.64 kB[22m
[2mpublic/build/[22m[35massets/css/DailyTimesheetTab-Brbm13ml.css                   [39m[1m[2m  0.86 kB[22m[1m[22m[2m Γöé gzip:   0.33 kB[22m
[2mpublic/build/[22m[35massets/css/leaflet-C8Nw0dCE.css                             [39m[1m[2m 11.10 kB[22m[1m[22m[2m Γöé gzip:   2.73 kB[22m
[2mpublic/build/[22m[35massets/css/app-KlZv5c9T.css                                 [39m[1m[2m717.58 kB[22m[1m[22m[2m Γöé gzip:  85.36 kB[22m
[2mpublic/build/[22m[36massets/js/vendor-react-l0sNRNKZ.js                          [39m[1m[2m  0.00 kB[22m[1m[22m[2m Γöé gzip:   0.02 kB[22m
[2mpublic/build/[22m[36massets/js/useObjectionsAccess-CiioRFb5.js                   [39m[1m[2m  0.07 kB[22m[1m[22m[2m Γöé gzip:   0.08 kB[22m
[2mpublic/build/[22m[36massets/js/InstallApp-DB0KqtQX.js                            [39m[1m[2m  0.11 kB[22m[1m[22m[2m Γöé gzip:   0.09 kB[22m
[2mpublic/build/[22m[36massets/js/buildObjectionsStats-DB0KqtQX.js                  [39m[1m[2m  0.11 kB[22m[1m[22m[2m Γöé gzip:   0.09 kB[22m
[2mpublic/build/[22m[36massets/js/ObjectionsStatsSection-DB0KqtQX.js                [39m[1m[2m  0.11 kB[22m[1m[22m[2m Γöé gzip:   0.09 kB[22m
[2mpublic/build/[22m[36massets/js/UpdateProfileInformationForm-DB0KqtQX.js          [39m[1m[2m  0.11 kB[22m[1m[22m[2m Γöé gzip:   0.09 kB[22m
[2mpublic/build/[22m[36massets/js/UpdatePasswordForm-DB0KqtQX.js                    [39m[1m[2m  0.11 kB[22m[1m[22m[2m Γöé gzip:   0.09 kB[22m
[2mpublic/build/[22m[36massets/js/DeleteUserForm-DB0KqtQX.js                        [39m[1m[2m  0.11 kB[22m[1m[22m[2m Γöé gzip:   0.09 kB[22m
[2mpublic/build/[22m[36massets/js/DesignationTable-DB0KqtQX.js                      [39m[1m[2m  0.11 kB[22m[1m[22m[2m Γöé gzip:   0.09 kB[22m
[2mpublic/build/[22m[36massets/js/OrganizationOverview-DB0KqtQX.js                  [39m[1m[2m  0.11 kB[22m[1m[22m[2m Γöé gzip:   0.09 kB[22m
[2mpublic/build/[22m[36massets/js/VerifyEmail-DB0KqtQX.js                           [39m[1m[2m  0.11 kB[22m[1m[22m[2m Γöé gzip:   0.09 kB[22m
[2mpublic/build/[22m[36massets/js/ResetPassword-DB0KqtQX.js                         [39m[1m[2m  0.11 kB[22m[1m[22m[2m Γöé gzip:   0.09 kB[22m
[2mpublic/build/[22m[36massets/js/Register-DB0KqtQX.js                              [39m[1m[2m  0.11 kB[22m[1m[22m[2m Γöé gzip:   0.09 kB[22m
[2mpublic/build/[22m[36massets/js/ForgotPassword-DB0KqtQX.js                        [39m[1m[2m  0.11 kB[22m[1m[22m[2m Γöé gzip:   0.09 kB[22m
[2mpublic/build/[22m[36massets/js/AbsentSidebar-DB0KqtQX.js                         [39m[1m[2m  0.11 kB[22m[1m[22m[2m Γöé gzip:   0.09 kB[22m
[2mpublic/build/[22m[36massets/js/AttendanceOverview-DB0KqtQX.js                    [39m[1m[2m  0.11 kB[22m[1m[22m[2m Γöé gzip:   0.09 kB[22m
[2mpublic/build/[22m[36massets/js/useObjectionsActions-B4bKdGlq.js                  [39m[1m[2m  0.15 kB[22m[1m[22m[2m Γöé gzip:   0.13 kB[22m
[2mpublic/build/[22m[36massets/js/DesignationsTab-B2dJ9QHp.js                       [39m[1m[2m  0.15 kB[22m[1m[22m[2m Γöé gzip:   0.13 kB[22m
[2mpublic/build/[22m[36massets/js/WorkLocationForm-B2dJ9QHp.js                      [39m[1m[2m  0.15 kB[22m[1m[22m[2m Γöé gzip:   0.13 kB[22m
[2mpublic/build/[22m[36massets/js/DesignationForm-B2dJ9QHp.js                       [39m[1m[2m  0.15 kB[22m[1m[22m[2m Γöé gzip:   0.13 kB[22m
[2mpublic/build/[22m[36massets/js/DepartmentForm-B2dJ9QHp.js                        [39m[1m[2m  0.15 kB[22m[1m[22m[2m Γöé gzip:   0.13 kB[22m
[2mpublic/build/[22m[36massets/js/DeleteWorkLocationForm-B2dJ9QHp.js                [39m[1m[2m  0.15 kB[22m[1m[22m[2m Γöé gzip:   0.13 kB[22m
[2mpublic/build/[22m[36massets/js/DeleteDesignationForm-B2dJ9QHp.js                 [39m[1m[2m  0.15 kB[22m[1m[22m[2m Γöé gzip:   0.13 kB[22m
[2mpublic/build/[22m[36massets/js/DeleteDepartmentForm-B2dJ9QHp.js                  [39m[1m[2m  0.15 kB[22m[1m[22m[2m Γöé gzip:   0.13 kB[22m
[2mpublic/build/[22m[36massets/js/Login-B2dJ9QHp.js                                 [39m[1m[2m  0.15 kB[22m[1m[22m[2m Γöé gzip:   0.13 kB[22m
[2mpublic/build/[22m[36massets/js/DepartmentTable-BM66VSv4.js                       [39m[1m[2m  0.18 kB[22m[1m[22m[2m Γöé gzip:   0.14 kB[22m
[2mpublic/build/[22m[36massets/js/WorkLocationsTab-BGQv1z0W.js                      [39m[1m[2m  0.19 kB[22m[1m[22m[2m Γöé gzip:   0.15 kB[22m
[2mpublic/build/[22m[36massets/js/EmployeesTab-BGQv1z0W.js                          [39m[1m[2m  0.19 kB[22m[1m[22m[2m Γöé gzip:   0.15 kB[22m
[2mpublic/build/[22m[36massets/js/EmployeeTable-BGQv1z0W.js                         [39m[1m[2m  0.19 kB[22m[1m[22m[2m Γöé gzip:   0.15 kB[22m
[2mpublic/build/[22m[36massets/js/DepartmentsTab-DO-8ziPw.js                        [39m[1m[2m  0.23 kB[22m[1m[22m[2m Γöé gzip:   0.17 kB[22m
[2mpublic/build/[22m[36massets/js/useDisclosure-8BQ-qjUc.js                         [39m[1m[2m  0.26 kB[22m[1m[22m[2m Γöé gzip:   0.20 kB[22m
[2mpublic/build/[22m[36massets/js/ObjectionAccordionItem-BANMRKJb.js                [39m[1m[2m  0.27 kB[22m[1m[22m[2m Γöé gzip:   0.18 kB[22m
[2mpublic/build/[22m[36massets/js/DeleteUserForm-D0JPRh27.js                        [39m[1m[2m  0.34 kB[22m[1m[22m[2m Γöé gzip:   0.26 kB[22m
[2mpublic/build/[22m[36massets/js/UpdatePasswordForm-D0JPRh27.js                    [39m[1m[2m  0.34 kB[22m[1m[22m[2m Γöé gzip:   0.26 kB[22m
[2mpublic/build/[22m[36massets/js/UpdateProfileInformationForm-D0JPRh27.js          [39m[1m[2m  0.34 kB[22m[1m[22m[2m Γöé gzip:   0.26 kB[22m
[2mpublic/build/[22m[36massets/js/objectionUiConfig-Dc4jxQby.js                     [39m[1m[2m  0.37 kB[22m[1m[22m[2m Γöé gzip:   0.23 kB[22m
[2mpublic/build/[22m[36massets/js/PettyCashUnified-CXZdaqs_.js                      [39m[1m[2m  0.37 kB[22m[1m[22m[2m Γöé gzip:   0.24 kB[22m
[2mpublic/build/[22m[36massets/js/Holidays-CXZdaqs_.js                              [39m[1m[2m  0.37 kB[22m[1m[22m[2m Γöé gzip:   0.24 kB[22m
[2mpublic/build/[22m[36massets/js/Designations-CXZdaqs_.js                          [39m[1m[2m  0.37 kB[22m[1m[22m[2m Γöé gzip:   0.24 kB[22m
[2mpublic/build/[22m[36massets/js/LeaveSettings-BbsEDqM5.js                         [39m[1m[2m  0.37 kB[22m[1m[22m[2m Γöé gzip:   0.24 kB[22m
[2mpublic/build/[22m[36massets/js/CompanySettings-CXZdaqs_.js                       [39m[1m[2m  0.37 kB[22m[1m[22m[2m Γöé gzip:   0.24 kB[22m
[2mpublic/build/[22m[36massets/js/Forbidden-BWfzKKA5.js                             [39m[1m[2m  0.37 kB[22m[1m[22m[2m Γöé gzip:   0.24 kB[22m
[2mpublic/build/[22m[36massets/js/SystemMonitoringEnhanced-BbsEDqM5.js              [39m[1m[2m  0.37 kB[22m[1m[22m[2m Γöé gzip:   0.24 kB[22m
[2mpublic/build/[22m[36massets/js/UserProfile-DzFlr4U2.js                           [39m[1m[2m  0.41 kB[22m[1m[22m[2m Γöé gzip:   0.26 kB[22m
[2mpublic/build/[22m[36massets/js/EmployeeList-ChTMxSpE.js                          [39m[1m[2m  0.41 kB[22m[1m[22m[2m Γöé gzip:   0.26 kB[22m
[2mpublic/build/[22m[36massets/js/ObjectionsFiltersBar-XPQv4lod.js                  [39m[1m[2m  0.43 kB[22m[1m[22m[2m Γöé gzip:   0.27 kB[22m
[2mpublic/build/[22m[36massets/js/Departments-BFm0iB2d.js                           [39m[1m[2m  0.44 kB[22m[1m[22m[2m Γöé gzip:   0.27 kB[22m
[2mpublic/build/[22m[36massets/js/OrganizationPage-C25EO_To.js                      [39m[1m[2m  0.44 kB[22m[1m[22m[2m Γöé gzip:   0.27 kB[22m
[2mpublic/build/[22m[36massets/js/LeavesEmployee-5LHHkevS.js                        [39m[1m[2m  0.48 kB[22m[1m[22m[2m Γöé gzip:   0.29 kB[22m
[2mpublic/build/[22m[36massets/js/XMarkIcon-CHdQB58D.js                             [39m[1m[2m  0.49 kB[22m[1m[22m[2m Γöé gzip:   0.35 kB[22m
[2mpublic/build/[22m[36massets/js/PlusIcon-CmPtE-Jm.js                              [39m[1m[2m  0.49 kB[22m[1m[22m[2m Γöé gzip:   0.36 kB[22m
[2mpublic/build/[22m[36massets/js/Index-DCy_tiq3.js                                 [39m[1m[2m  0.49 kB[22m[1m[22m[2m Γöé gzip:   0.29 kB[22m
[2mpublic/build/[22m[36massets/js/ClockIcon-wojZnvr5.js                             [39m[1m[2m  0.51 kB[22m[1m[22m[2m Γöé gzip:   0.37 kB[22m
[2mpublic/build/[22m[36massets/js/isBetween-BeFsmbWA.js                             [39m[1m[2m  0.52 kB[22m[1m[22m[2m Γöé gzip:   0.30 kB[22m
[2mpublic/build/[22m[36massets/js/CheckCircleIcon-BYMaoOBN.js                       [39m[1m[2m  0.53 kB[22m[1m[22m[2m Γöé gzip:   0.38 kB[22m
[2mpublic/build/[22m[36massets/js/XCircleIcon-ByqJQJwa.js                           [39m[1m[2m  0.53 kB[22m[1m[22m[2m Γöé gzip:   0.38 kB[22m
[2mpublic/build/[22m[36massets/js/SettingsTab--FZrAjD2.js                           [39m[1m[2m  0.54 kB[22m[1m[22m[2m Γöé gzip:   0.28 kB[22m
[2mpublic/build/[22m[36massets/js/MagnifyingGlassIcon-D5coGtD4.js                   [39m[1m[2m  0.54 kB[22m[1m[22m[2m Γöé gzip:   0.38 kB[22m
[2mpublic/build/[22m[36massets/js/WorkLocationsTable-BW02OLx4.js                    [39m[1m[2m  0.58 kB[22m[1m[22m[2m Γöé gzip:   0.42 kB[22m
[2mpublic/build/[22m[36massets/js/Marker-CyTy_h8R.js                                [39m[1m[2m  0.59 kB[22m[1m[22m[2m Γöé gzip:   0.33 kB[22m
[2mpublic/build/[22m[36massets/js/UserIcon-BvWb_vQu.js                              [39m[1m[2m  0.62 kB[22m[1m[22m[2m Γöé gzip:   0.43 kB[22m
[2mpublic/build/[22m[36massets/js/ObjectionsStatsSection-CwhXLYwz.js                [39m[1m[2m  0.62 kB[22m[1m[22m[2m Γöé gzip:   0.38 kB[22m
[2mpublic/build/[22m[36massets/js/PencilIcon-D8p8dj7W.js                            [39m[1m[2m  0.63 kB[22m[1m[22m[2m Γöé gzip:   0.44 kB[22m
[2mpublic/build/[22m[36massets/js/NoDataMessage-PZcp1ovQ.js                         [39m[1m[2m  0.63 kB[22m[1m[22m[2m Γöé gzip:   0.41 kB[22m
[2mpublic/build/[22m[36massets/js/ArrowPathIcon-a7DnhzBA.js                         [39m[1m[2m  0.63 kB[22m[1m[22m[2m Γöé gzip:   0.43 kB[22m
[2mpublic/build/[22m[36massets/js/ExclamationTriangleIcon-cq7qCi7Y.js               [39m[1m[2m  0.64 kB[22m[1m[22m[2m Γöé gzip:   0.46 kB[22m
[2mpublic/build/[22m[36massets/js/CheckCircleIcon-BH85003x.js                       [39m[1m[2m  0.65 kB[22m[1m[22m[2m Γöé gzip:   0.44 kB[22m
[2mpublic/build/[22m[36massets/js/MapPinIcon-oAKKCEVb.js                            [39m[1m[2m  0.66 kB[22m[1m[22m[2m Γöé gzip:   0.41 kB[22m
[2mpublic/build/[22m[36massets/js/AdjustmentsHorizontalIcon-CgsV3zir.js             [39m[1m[2m  0.68 kB[22m[1m[22m[2m Γöé gzip:   0.42 kB[22m
[2mpublic/build/[22m[36massets/js/ShieldExclamationIcon-hiqp5JC-.js                 [39m[1m[2m  0.69 kB[22m[1m[22m[2m Γöé gzip:   0.48 kB[22m
[2mpublic/build/[22m[36massets/js/XCircleIcon-C4qtckoR.js                           [39m[1m[2m  0.71 kB[22m[1m[22m[2m Γöé gzip:   0.44 kB[22m
[2mpublic/build/[22m[36massets/js/useMediaQuery-DzkaZ5Od.js                         [39m[1m[2m  0.79 kB[22m[1m[22m[2m Γöé gzip:   0.43 kB[22m
[2mpublic/build/[22m[36massets/js/AttendanceSettings-pfSPlnSQ.js                    [39m[1m[2m  0.80 kB[22m[1m[22m[2m Γöé gzip:   0.41 kB[22m
[2mpublic/build/[22m[36massets/js/MonthlyCalendarTab-D9nvL9V1.js                    [39m[1m[2m  0.87 kB[22m[1m[22m[2m Γöé gzip:   0.39 kB[22m
[2mpublic/build/[22m[36massets/js/TrashIcon-tTv4YzZI.js                             [39m[1m[2m  0.88 kB[22m[1m[22m[2m Γöé gzip:   0.56 kB[22m
[2mpublic/build/[22m[36massets/js/ChartBarIcon-2Yzpa4Ut.js                          [39m[1m[2m  0.91 kB[22m[1m[22m[2m Γöé gzip:   0.51 kB[22m
[2mpublic/build/[22m[36massets/js/CogIcon-BOphFgxK.js                               [39m[1m[2m  0.91 kB[22m[1m[22m[2m Γöé gzip:   0.58 kB[22m
[2mpublic/build/[22m[36massets/js/index-waYSsIoM.js                                 [39m[1m[2m  0.94 kB[22m[1m[22m[2m Γöé gzip:   0.57 kB[22m
[2mpublic/build/[22m[36massets/js/DeleteConfirmDialog-CXISC2Bj.js                   [39m[1m[2m  1.03 kB[22m[1m[22m[2m Γöé gzip:   0.57 kB[22m
[2mpublic/build/[22m[36massets/js/firebaseInit-CplvIYqf.js                          [39m[1m[2m  1.05 kB[22m[1m[22m[2m Γöé gzip:   0.55 kB[22m
[2mpublic/build/[22m[36massets/js/QueryState-BPUrj0FB.js                            [39m[1m[2m  1.06 kB[22m[1m[22m[2m Γöé gzip:   0.55 kB[22m
[2mpublic/build/[22m[36massets/js/useWorkLocationsQuery-DWT_tjM4.js                 [39m[1m[2m  1.07 kB[22m[1m[22m[2m Γöé gzip:   0.46 kB[22m
[2mpublic/build/[22m[36massets/js/Register-AAOqdimS.js                              [39m[1m[2m  1.25 kB[22m[1m[22m[2m Γöé gzip:   0.62 kB[22m
[2mpublic/build/[22m[36massets/js/objectionConfig-BuE47j_C.js                       [39m[1m[2m  1.27 kB[22m[1m[22m[2m Γöé gzip:   0.54 kB[22m
[2mpublic/build/[22m[36massets/js/exportUtils-CsSDC5K4.js                           [39m[1m[2m  1.30 kB[22m[1m[22m[2m Γöé gzip:   0.75 kB[22m
[2mpublic/build/[22m[36massets/js/OrganizationOverview-BgOe10xc.js                  [39m[1m[2m  1.31 kB[22m[1m[22m[2m Γöé gzip:   0.67 kB[22m
[2mpublic/build/[22m[36massets/js/useDepartmentsQuery-BRLJrlaU.js                   [39m[1m[2m  1.34 kB[22m[1m[22m[2m Γöé gzip:   0.49 kB[22m
[2mpublic/build/[22m[36massets/js/useDesignationsQuery-BUptgtn1.js                  [39m[1m[2m  1.36 kB[22m[1m[22m[2m Γöé gzip:   0.50 kB[22m
[2mpublic/build/[22m[36massets/js/TablePagination-Dht1Rjv7.js                       [39m[1m[2m  1.49 kB[22m[1m[22m[2m Γöé gzip:   0.75 kB[22m
[2mpublic/build/[22m[36massets/js/buildObjectionsStats-CU3bssWU.js                  [39m[1m[2m  1.58 kB[22m[1m[22m[2m Γöé gzip:   0.72 kB[22m
[2mpublic/build/[22m[36massets/js/StatsCards-BxKoQ8yh.js                            [39m[1m[2m  1.61 kB[22m[1m[22m[2m Γöé gzip:   0.81 kB[22m
[2mpublic/build/[22m[36massets/js/DeleteWorkLocationForm-nWLPBb8I.js                [39m[1m[2m  1.65 kB[22m[1m[22m[2m Γöé gzip:   0.89 kB[22m
[2mpublic/build/[22m[36massets/js/AttendancePage-DTifBToG.js                        [39m[1m[2m  1.67 kB[22m[1m[22m[2m Γöé gzip:   0.70 kB[22m
[2mpublic/build/[22m[36massets/js/AttendanceOverview-DVkdCdnv.js                    [39m[1m[2m  1.74 kB[22m[1m[22m[2m Γöé gzip:   0.88 kB[22m
[2mpublic/build/[22m[36massets/js/useLeavesQuery-33JLKJDx.js                        [39m[1m[2m  1.83 kB[22m[1m[22m[2m Γöé gzip:   0.69 kB[22m
[2mpublic/build/[22m[36massets/js/client-DFoUewxW.js                                [39m[1m[2m  1.88 kB[22m[1m[22m[2m Γöé gzip:   0.80 kB[22m
[2mpublic/build/[22m[36massets/js/DeleteDesignationForm-B1vC-VJH.js                 [39m[1m[2m  1.93 kB[22m[1m[22m[2m Γöé gzip:   0.97 kB[22m
[2mpublic/build/[22m[36massets/js/DeleteDailyWorkForm-DN7KCFJB.js                   [39m[1m[2m  1.95 kB[22m[1m[22m[2m Γöé gzip:   0.88 kB[22m
[2mpublic/build/[22m[36massets/js/Forbidden-BnWFpjlw.js                             [39m[1m[2m  1.95 kB[22m[1m[22m[2m Γöé gzip:   0.95 kB[22m
[2mpublic/build/[22m[36massets/js/PageHeader-DNJivTI-.js                            [39m[1m[2m  2.03 kB[22m[1m[22m[2m Γöé gzip:   1.03 kB[22m
[2mpublic/build/[22m[36massets/js/DeleteDepartmentForm-ChtsgCAN.js                  [39m[1m[2m  2.05 kB[22m[1m[22m[2m Γöé gzip:   1.01 kB[22m
[2mpublic/build/[22m[36massets/js/ErrorBoundary-D5QrtaDV.js                         [39m[1m[2m  2.14 kB[22m[1m[22m[2m Γöé gzip:   1.03 kB[22m
[2mpublic/build/[22m[36massets/js/DailyWorksUnified-B9LZ1YPq.js                     [39m[1m[2m  2.35 kB[22m[1m[22m[2m Γöé gzip:   0.80 kB[22m
[2mpublic/build/[22m[36massets/js/ObjectionsFiltersBar-B9uKBaLf.js                  [39m[1m[2m  2.57 kB[22m[1m[22m[2m Γöé gzip:   1.09 kB[22m
[2mpublic/build/[22m[36massets/js/WorkLocationsTab-FAeCpvIJ.js                      [39m[1m[2m  2.79 kB[22m[1m[22m[2m Γöé gzip:   1.34 kB[22m
[2mpublic/build/[22m[36massets/js/useAttendanceQuery-CQgVdpwQ.js                    [39m[1m[2m  2.96 kB[22m[1m[22m[2m Γöé gzip:   0.84 kB[22m
[2mpublic/build/[22m[36massets/js/AbsentSidebar-ChqJI22a.js                         [39m[1m[2m  3.01 kB[22m[1m[22m[2m Γöé gzip:   1.23 kB[22m
[2mpublic/build/[22m[36massets/js/DesignationTable-CHM9ga8M.js                      [39m[1m[2m  3.15 kB[22m[1m[22m[2m Γöé gzip:   1.26 kB[22m
[2mpublic/build/[22m[36massets/js/useMutation-CLV3Au9a.js                           [39m[1m[2m  3.15 kB[22m[1m[22m[2m Γöé gzip:   1.29 kB[22m
[2mpublic/build/[22m[36massets/js/WorkLocationsTable-Cbp5eQzq.js                    [39m[1m[2m  3.22 kB[22m[1m[22m[2m Γöé gzip:   1.12 kB[22m
[2mpublic/build/[22m[36massets/js/TileLayer-OsRTXKLT.js                             [39m[1m[2m  3.31 kB[22m[1m[22m[2m Γöé gzip:   1.35 kB[22m
[2mpublic/build/[22m[36massets/js/WorkLocationForm-Dx5ew5qa.js                      [39m[1m[2m  3.46 kB[22m[1m[22m[2m Γöé gzip:   1.40 kB[22m
[2mpublic/build/[22m[36massets/js/RadixThemeContext-CH4m0ZlT.js                     [39m[1m[2m  3.47 kB[22m[1m[22m[2m Γöé gzip:   1.70 kB[22m
[2mpublic/build/[22m[36massets/js/OrganizationPage-QPuJCy8R.js                      [39m[1m[2m  4.09 kB[22m[1m[22m[2m Γöé gzip:   1.62 kB[22m
[2mpublic/build/[22m[36massets/js/DesignationForm-5vN2-4jY.js                       [39m[1m[2m  4.17 kB[22m[1m[22m[2m Γöé gzip:   1.68 kB[22m
[2mpublic/build/[22m[36massets/js/CompanySettings-CBD2OZ5n.js                       [39m[1m[2m  4.47 kB[22m[1m[22m[2m Γöé gzip:   1.88 kB[22m
[2mpublic/build/[22m[36massets/js/DesignationsTab-DM1HgVeM.js                       [39m[1m[2m  4.53 kB[22m[1m[22m[2m Γöé gzip:   1.82 kB[22m
[2mpublic/build/[22m[36massets/js/DepartmentForm-C40uDYLn.js                        [39m[1m[2m  4.72 kB[22m[1m[22m[2m Γöé gzip:   1.77 kB[22m
[2mpublic/build/[22m[36massets/js/DepartmentTable-Dnst972S.js                       [39m[1m[2m  4.76 kB[22m[1m[22m[2m Γöé gzip:   1.63 kB[22m
[2mpublic/build/[22m[36massets/js/VerifyEmail-DKSLg_xi.js                           [39m[1m[2m  4.81 kB[22m[1m[22m[2m Γöé gzip:   2.20 kB[22m
[2mpublic/build/[22m[36massets/js/AttendancePage-B1y3N3yL.js                        [39m[1m[2m  5.28 kB[22m[1m[22m[2m Γöé gzip:   2.06 kB[22m
[2mpublic/build/[22m[36massets/js/ForgotPassword-BxiQbmj7.js                        [39m[1m[2m  5.31 kB[22m[1m[22m[2m Γöé gzip:   2.44 kB[22m
[2mpublic/build/[22m[36massets/js/useObjectionsListState-GCsTGlcr.js                [39m[1m[2m  5.52 kB[22m[1m[22m[2m Γöé gzip:   1.63 kB[22m
[2mpublic/build/[22m[36massets/js/ProfilePictureModal-BGMX-rbW.js                   [39m[1m[2m  6.17 kB[22m[1m[22m[2m Γöé gzip:   1.97 kB[22m
[2mpublic/build/[22m[36massets/js/AttendanceEmployeeTable-DcLV8tN0.js               [39m[1m[2m  6.60 kB[22m[1m[22m[2m Γöé gzip:   2.30 kB[22m
[2mpublic/build/[22m[36massets/js/ObjectionAccordionItem-Bl-YZxnM.js                [39m[1m[2m  6.96 kB[22m[1m[22m[2m Γöé gzip:   2.15 kB[22m
[2mpublic/build/[22m[36massets/js/dayjs.min-Ca8ckx1t.js                             [39m[1m[2m  7.16 kB[22m[1m[22m[2m Γöé gzip:   3.12 kB[22m
[2mpublic/build/[22m[36massets/js/DepartmentsTab-C4Oyw9Ya.js                        [39m[1m[2m  7.32 kB[22m[1m[22m[2m Γöé gzip:   2.55 kB[22m
[2mpublic/build/[22m[36massets/js/ResetPassword-DBdUuJiP.js                         [39m[1m[2m  7.36 kB[22m[1m[22m[2m Γöé gzip:   3.04 kB[22m
[2mpublic/build/[22m[36massets/js/AttendanceEmployee-tRJpXiHk.js                    [39m[1m[2m  7.61 kB[22m[1m[22m[2m Γöé gzip:   2.61 kB[22m
[2mpublic/build/[22m[36massets/js/AttendanceEmployee-DdzYUjHo.js                    [39m[1m[2m  7.63 kB[22m[1m[22m[2m Γöé gzip:   2.62 kB[22m
[2mpublic/build/[22m[36massets/js/WorkLocations-CmOCVejh.js                         [39m[1m[2m  7.73 kB[22m[1m[22m[2m Γöé gzip:   2.72 kB[22m
[2mpublic/build/[22m[36massets/js/WorkLocations-DIICR-A-.js                         [39m[1m[2m  7.75 kB[22m[1m[22m[2m Γöé gzip:   2.73 kB[22m
[2mpublic/build/[22m[36massets/js/EnhancedDailyWorkSummaryExportForm-CAZNDbeX.js    [39m[1m[2m  8.00 kB[22m[1m[22m[2m Γöé gzip:   2.54 kB[22m
[2mpublic/build/[22m[36massets/js/EnhancedDailyWorksExportForm-DIGkZOLp.js          [39m[1m[2m  9.44 kB[22m[1m[22m[2m Γöé gzip:   2.98 kB[22m
[2mpublic/build/[22m[36massets/js/EmployeesTab-CFtWcLsG.js                          [39m[1m[2m  9.70 kB[22m[1m[22m[2m Γöé gzip:   3.13 kB[22m
[2mpublic/build/[22m[36massets/js/EmployeeTable-DqjQuYgI.js                         [39m[1m[2m  9.76 kB[22m[1m[22m[2m Γöé gzip:   3.23 kB[22m
[2mpublic/build/[22m[36massets/js/SystemMonitoringEnhanced-ChDg-Su9.js              [39m[1m[2m  9.95 kB[22m[1m[22m[2m Γöé gzip:   3.70 kB[22m
[2mpublic/build/[22m[36massets/js/useQuery-BdR4yhVR.js                              [39m[1m[2m 10.55 kB[22m[1m[22m[2m Γöé gzip:   3.76 kB[22m
[2mpublic/build/[22m[36massets/js/DeleteWorkLocationForm-B8F_nCUm.js                [39m[1m[2m 11.48 kB[22m[1m[22m[2m Γöé gzip:   3.79 kB[22m
[2mpublic/build/[22m[36massets/js/MonthlyCalendarTab-CTLGlygr.js                    [39m[1m[2m 11.63 kB[22m[1m[22m[2m Γöé gzip:   3.71 kB[22m
[2mpublic/build/[22m[36massets/js/minMax-Chrxervq.js                                [39m[1m[2m 11.89 kB[22m[1m[22m[2m Γöé gzip:   3.74 kB[22m
[2mpublic/build/[22m[36massets/js/LeavesEmployee-p5in-SoG.js                        [39m[1m[2m 11.99 kB[22m[1m[22m[2m Γöé gzip:   4.07 kB[22m
[2mpublic/build/[22m[36massets/js/DailyWorkForm-DI3SwYxk.js                         [39m[1m[2m 12.71 kB[22m[1m[22m[2m Γöé gzip:   4.13 kB[22m
[2mpublic/build/[22m[36massets/js/LeavesUnified-BBStNV30.js                         [39m[1m[2m 13.24 kB[22m[1m[22m[2m Γöé gzip:   4.40 kB[22m
[2mpublic/build/[22m[36massets/js/Login-BS8FuWeO.js                                 [39m[1m[2m 14.32 kB[22m[1m[22m[2m Γöé gzip:   5.51 kB[22m
[2mpublic/build/[22m[36massets/js/DailyTimesheetTab-s_AqZynw.js                     [39m[1m[2m 14.33 kB[22m[1m[22m[2m Γöé gzip:   4.81 kB[22m
[2mpublic/build/[22m[36massets/js/Designations-IVsC8iJh.js                          [39m[1m[2m 15.23 kB[22m[1m[22m[2m Γöé gzip:   4.85 kB[22m
[2mpublic/build/[22m[36massets/js/RequestLogs-BjqGS6Wt.js                           [39m[1m[2m 15.46 kB[22m[1m[22m[2m Γöé gzip:   4.56 kB[22m
[2mpublic/build/[22m[36massets/js/RequestLogs-Dir-rrM3.js                           [39m[1m[2m 16.56 kB[22m[1m[22m[2m Γöé gzip:   6.42 kB[22m
[2mpublic/build/[22m[36massets/js/Holidays-CE3Xj2r2.js                              [39m[1m[2m 19.43 kB[22m[1m[22m[2m Γöé gzip:   5.97 kB[22m
[2mpublic/build/[22m[36massets/js/QueryClientProvider-C_dOSkra.js                   [39m[1m[2m 19.87 kB[22m[1m[22m[2m Γöé gzip:   6.38 kB[22m
[2mpublic/build/[22m[36massets/js/format-SWwc5JVH.js                                [39m[1m[2m 20.45 kB[22m[1m[22m[2m Γöé gzip:   5.81 kB[22m
[2mpublic/build/[22m[36massets/js/InstallApp-AjsNKqJ3.js                            [39m[1m[2m 23.37 kB[22m[1m[22m[2m Γöé gzip:   5.28 kB[22m
[2mpublic/build/[22m[36massets/js/UserProfile-BU2yyxbA.js                           [39m[1m[2m 23.45 kB[22m[1m[22m[2m Γöé gzip:   5.07 kB[22m
[2mpublic/build/[22m[36massets/js/UserDevices-TpnyvvmX.js                           [39m[1m[2m 23.89 kB[22m[1m[22m[2m Γöé gzip:   6.42 kB[22m
[2mpublic/build/[22m[36massets/js/purify.es-dhnUglUx.js                             [39m[1m[2m 24.29 kB[22m[1m[22m[2m Γöé gzip:   9.17 kB[22m
[2mpublic/build/[22m[36massets/js/PettyCashUnified-k_sCLxP4.js                      [39m[1m[2m 24.35 kB[22m[1m[22m[2m Γöé gzip:   5.21 kB[22m
[2mpublic/build/[22m[36massets/js/Dashboard-CXUR7lxB.js                             [39m[1m[2m 24.61 kB[22m[1m[22m[2m Γöé gzip:   6.37 kB[22m
[2mpublic/build/[22m[36massets/js/LeaveSettings-CHHT0H1x.js                         [39m[1m[2m 24.82 kB[22m[1m[22m[2m Γöé gzip:   5.38 kB[22m
[2mpublic/build/[22m[36massets/js/SettingsTab-B7DZVccn.js                           [39m[1m[2m 25.51 kB[22m[1m[22m[2m Γöé gzip:   6.64 kB[22m
[2mpublic/build/[22m[36massets/js/Departments-CGGxMBeV.js                           [39m[1m[2m 25.99 kB[22m[1m[22m[2m Γöé gzip:   7.60 kB[22m
[2mpublic/build/[22m[36massets/js/DailyTimesheetTab-DcY0bl9c.js                     [39m[1m[2m 28.85 kB[22m[1m[22m[2m Γöé gzip:   8.05 kB[22m
[2mpublic/build/[22m[36massets/js/EmployeeList-CdESiBYz.js                          [39m[1m[2m 29.02 kB[22m[1m[22m[2m Γöé gzip:   7.35 kB[22m
[2mpublic/build/[22m[36massets/js/app-DUNfAkxo.js                                   [39m[1m[2m 32.55 kB[22m[1m[22m[2m Γöé gzip:  10.41 kB[22m
[2mpublic/build/[22m[36massets/js/AdminUnified-CNRseQp2.js                          [39m[1m[2m 34.11 kB[22m[1m[22m[2m Γöé gzip:  11.22 kB[22m
[2mpublic/build/[22m[36massets/js/BulkDeleteModal-CphtyCeB.js                       [39m[1m[2m 34.45 kB[22m[1m[22m[2m Γöé gzip:   9.62 kB[22m
[2mpublic/build/[22m[36massets/js/Dashboard-4F16GaBt.js                             [39m[1m[2m 35.39 kB[22m[1m[22m[2m Γöé gzip:  10.42 kB[22m
[2mpublic/build/[22m[36massets/js/ErrorBoundary-Cjt5z8KV.js                         [39m[1m[2m 38.41 kB[22m[1m[22m[2m Γöé gzip:  13.44 kB[22m
[2mpublic/build/[22m[36massets/js/LeavesUnified-lJ3IVhIs.js                         [39m[1m[2m 43.83 kB[22m[1m[22m[2m Γöé gzip:  11.19 kB[22m
[2mpublic/build/[22m[36massets/js/AttendanceSettings-DtQhSZ--.js                    [39m[1m[2m 46.94 kB[22m[1m[22m[2m Γöé gzip:  10.95 kB[22m
[2mpublic/build/[22m[36massets/js/DailyWorkSummaryAnalytics-DMIyiYpn.js             [39m[1m[2m 62.34 kB[22m[1m[22m[2m Γöé gzip:  15.28 kB[22m
[2mpublic/build/[22m[36massets/js/Index-D9l_x57f.js                                 [39m[1m[2m 62.90 kB[22m[1m[22m[2m Γöé gzip:  16.17 kB[22m
[2mpublic/build/[22m[36massets/js/ImportPreviewModalRadix-CogmIHyh.js               [39m[1m[2m 67.27 kB[22m[1m[22m[2m Γöé gzip:  21.58 kB[22m
[2mpublic/build/[22m[36massets/js/DailyWorksUploadForm-DaGfNBYG.js                  [39m[1m[2m 72.39 kB[22m[1m[22m[2m Γöé gzip:  20.27 kB[22m
[2mpublic/build/[22m[36massets/js/firebase-config-W8V2pxgq.js                       [39m[1m[2m 80.48 kB[22m[1m[22m[2m Γöé gzip:  15.16 kB[22m
[2mpublic/build/[22m[36massets/js/react-icons.esm-BZz3CXXS.js                       [39m[1m[2m104.38 kB[22m[1m[22m[2m Γöé gzip:  28.38 kB[22m
[2mpublic/build/[22m[36massets/js/AdminUnified-DCzYk34A.js                          [39m[1m[2m104.82 kB[22m[1m[22m[2m Γöé gzip:  24.37 kB[22m
[2mpublic/build/[22m[36massets/js/UserDevices-CdzhCKMv.js                           [39m[1m[2m108.62 kB[22m[1m[22m[2m Γöé gzip:  33.00 kB[22m
[2mpublic/build/[22m[36massets/js/vendor-utils-D6Wd6ilh.js                          [39m[1m[2m111.42 kB[22m[1m[22m[2m Γöé gzip:  42.14 kB[22m
[2mpublic/build/[22m[36massets/js/vendor-framer-D7rCJgbu.js                         [39m[1m[2m111.57 kB[22m[1m[22m[2m Γöé gzip:  36.68 kB[22m
[2mpublic/build/[22m[36massets/js/leaflet-CpeWTaXg.js                               [39m[1m[2m149.67 kB[22m[1m[22m[2m Γöé gzip:  43.41 kB[22m
[2mpublic/build/[22m[36massets/js/index.es-BHwsMsK_.js                              [39m[1m[2m159.76 kB[22m[1m[22m[2m Γöé gzip:  53.60 kB[22m
[2mpublic/build/[22m[36massets/js/DailyWorksUnified-CN2I1iKd.js                     [39m[1m[2m160.99 kB[22m[1m[22m[2m Γöé gzip:  31.84 kB[22m
[2mpublic/build/[22m[36massets/js/html2canvas.esm-QH1iLAAe.js                       [39m[1m[2m202.38 kB[22m[1m[22m[2m Γöé gzip:  48.04 kB[22m
[2mpublic/build/[22m[36massets/js/vendor-radix-W2H-9_hK.js                          [39m[1m[2m204.60 kB[22m[1m[22m[2m Γöé gzip:  60.40 kB[22m
[2mpublic/build/[22m[36massets/js/vendor-inertia-B_jPe_ra.js                        [39m[1m[2m300.06 kB[22m[1m[22m[2m Γöé gzip:  97.34 kB[22m
[2mpublic/build/[22m[36massets/js/BarChart-B0XZpaKn.js                              [39m[1m[2m384.05 kB[22m[1m[22m[2m Γöé gzip: 105.77 kB[22m
[2mpublic/build/[22m[36massets/js/jspdf.es.min-DIAOCh27.js                          [39m[1m[2m388.00 kB[22m[1m[22m[2m Γöé gzip: 127.24 kB[22m
[2mpublic/build/[22m[36massets/js/xlsx-CkFp8p6R.js                                  [39m[1m[2m429.53 kB[22m[1m[22m[2m Γöé gzip: 143.08 kB[22m
[2mpublic/build/[22m[36massets/js/leaflet-routing-machine-CqCZn3Dx.js               [39m[1m[2m548.35 kB[22m[1m[22m[2m Γöé gzip:  68.08 kB[22m
[32mΓ£ô built in 47.72s[39m

> pwa:update
> node tools/update-pwa-version.js

≡ƒöä Updating PWA assets with version information...
Γ£à Service worker updated with version: 4.0.59
Γ£à Manifest updated with version: 4.0.59
Γ£à All PWA assets updated successfully!

> postbuild
> git add . && git commit -m "build: auto commit and push" && git push

warning: in the working copy of 'package.json', LF will be replaced by CRLF 
the next time Git touches it
warning: in the working copy of 'public/build-metadata.json', LF will be 
replaced by CRLF the next time Git touches it
warning: in the working copy of 
'public/build/assets/css/DailyTimesheetTab-Brbm13ml.css', LF will be replaced 
by CRLF the next time Git touches it
warning: in the working copy of 'public/build/assets/css/app-KlZv5c9T.css', LF 
will be replaced by CRLF the next time Git touches it
warning: in the working copy of 
'public/build/assets/css/leaflet-C8Nw0dCE.css', LF will be replaced by CRLF 
the next time Git touches it
warning: in the working copy of 
'public/build/assets/js/AbsentSidebar-ChqJI22a.js', LF will be replaced by 
CRLF the next time Git touches it
warning: in the working copy of 
'public/build/assets/js/AbsentSidebar-DB0KqtQX.js', LF will be replaced by 
CRLF the next time Git touches it
warning: in the working copy of 
'public/build/assets/js/AdjustmentsHorizontalIcon-CgsV3zir.js', LF will be 
replaced by CRLF the next time Git touches it
warning: in the working copy of 
'public/build/assets/js/AdminUnified-CNRseQp2.js', LF will be replaced by CRLF 
the next time Git touches it
warning: in the working copy of 
'public/build/assets/js/AdminUnified-DCzYk34A.js', LF will be replaced by CRLF 
the next time Git touches it
warning: in the working copy of 
'public/build/assets/js/ArrowPathIcon-a7DnhzBA.js', LF will be replaced by 
CRLF the next time Git touches it
warning: in the working copy of 
'public/build/assets/js/AttendanceEmployee-DdzYUjHo.js', LF will be replaced 
by CRLF the next time Git touches it
warning: in the working copy of 
'public/build/assets/js/AttendanceEmployee-tRJpXiHk.js', LF will be replaced 
by CRLF the next time Git touches it
warning: in the working copy of 
'public/build/assets/js/AttendanceEmployeeTable-DcLV8tN0.js', LF will be 
replaced by CRLF the next time Git touches it
warning: in the working copy of 
'public/build/assets/js/AttendanceOverview-DB0KqtQX.js', LF will be replaced 
by CRLF the next time Git touches it
warning: in the working copy of 
'public/build/assets/js/AttendanceOverview-DVkdCdnv.js', LF will be replaced 
by CRLF the next time Git touches it
warning: in the working copy of 
'public/build/assets/js/AttendancePage-B1y3N3yL.js', LF will be replaced by 
CRLF the next time Git touches it
warning: in the working copy of 
'public/build/assets/js/AttendancePage-DTifBToG.js', LF will be replaced by 
CRLF the next time Git touches it
warning: in the working copy of 
'public/build/assets/js/AttendanceSettings-DtQhSZ--.js', LF will be replaced 
by CRLF the next time Git touches it
warning: in the working copy of 
'public/build/assets/js/AttendanceSettings-pfSPlnSQ.js', LF will be replaced 
by CRLF the next time Git touches it
warning: in the working copy of 'public/build/assets/js/BarChart-B0XZpaKn.js', 
LF will be replaced by CRLF the next time Git touches it
warning: in the working copy of 
'public/build/assets/js/BulkDeleteModal-CphtyCeB.js', LF will be replaced by 
CRLF the next time Git touches it
warning: in the working copy of 
'public/build/assets/js/ChartBarIcon-2Yzpa4Ut.js', LF will be replaced by CRLF 
the next time Git touches it
warning: in the working copy of 
'public/build/assets/js/CheckCircleIcon-BH85003x.js', LF will be replaced by 
CRLF the next time Git touches it
warning: in the working copy of 
'public/build/assets/js/CheckCircleIcon-BYMaoOBN.js', LF will be replaced by 
CRLF the next time Git touches it
warning: in the working copy of 
'public/build/assets/js/ClockIcon-wojZnvr5.js', LF will be replaced by CRLF 
the next time Git touches it
warning: in the working copy of 'public/build/assets/js/CogIcon-BOphFgxK.js', 
LF will be replaced by CRLF the next time Git touches it
warning: in the working copy of 
'public/build/assets/js/CompanySettings-CBD2OZ5n.js', LF will be replaced by 
CRLF the next time Git touches it
warning: in the working copy of 
'public/build/assets/js/CompanySettings-CXZdaqs_.js', LF will be replaced by 
CRLF the next time Git touches it
warning: in the working copy of 
'public/build/assets/js/DailyTimesheetTab-DcY0bl9c.js', LF will be replaced by 
CRLF the next time Git touches it
warning: in the working copy of 
'public/build/assets/js/DailyTimesheetTab-s_AqZynw.js', LF will be replaced by 
CRLF the next time Git touches it
warning: in the working copy of 
'public/build/assets/js/DailyWorkForm-DI3SwYxk.js', LF will be replaced by 
CRLF the next time Git touches it
warning: in the working copy of 
'public/build/assets/js/DailyWorkSummaryAnalytics-DMIyiYpn.js', LF will be 
replaced by CRLF the next time Git touches it
warning: in the working copy of 
'public/build/assets/js/DailyWorksUnified-B9LZ1YPq.js', LF will be replaced by 
CRLF the next time Git touches it
warning: in the working copy of 
'public/build/assets/js/DailyWorksUnified-CN2I1iKd.js', LF will be replaced by 
CRLF the next time Git touches it
warning: in the working copy of 
'public/build/assets/js/DailyWorksUploadForm-DaGfNBYG.js', LF will be replaced 
by CRLF the next time Git touches it
warning: in the working copy of 
'public/build/assets/js/Dashboard-4F16GaBt.js', LF will be replaced by CRLF 
the next time Git touches it
warning: in the working copy of 
'public/build/assets/js/Dashboard-CXUR7lxB.js', LF will be replaced by CRLF 
the next time Git touches it
warning: in the working copy of 
'public/build/assets/js/DeleteConfirmDialog-CXISC2Bj.js', LF will be replaced 
by CRLF the next time Git touches it
warning: in the working copy of 
'public/build/assets/js/DeleteDailyWorkForm-DN7KCFJB.js', LF will be replaced 
by CRLF the next time Git touches it
warning: in the working copy of 
'public/build/assets/js/DeleteDepartmentForm-B2dJ9QHp.js', LF will be replaced 
by CRLF the next time Git touches it
warning: in the working copy of 
'public/build/assets/js/DeleteDepartmentForm-ChtsgCAN.js', LF will be replaced 
by CRLF the next time Git touches it
warning: in the working copy of 
'public/build/assets/js/DeleteDesignationForm-B1vC-VJH.js', LF will be 
replaced by CRLF the next time Git touches it
warning: in the working copy of 
'public/build/assets/js/DeleteDesignationForm-B2dJ9QHp.js', LF will be 
replaced by CRLF the next time Git touches it
warning: in the working copy of 
'public/build/assets/js/DeleteUserForm-D0JPRh27.js', LF will be replaced by 
CRLF the next time Git touches it
warning: in the working copy of 
'public/build/assets/js/DeleteUserForm-DB0KqtQX.js', LF will be replaced by 
CRLF the next time Git touches it
warning: in the working copy of 
'public/build/assets/js/DeleteWorkLocationForm-B2dJ9QHp.js', LF will be 
replaced by CRLF the next time Git touches it
warning: in the working copy of 
'public/build/assets/js/DeleteWorkLocationForm-B8F_nCUm.js', LF will be 
replaced by CRLF the next time Git touches it
warning: in the working copy of 
'public/build/assets/js/DeleteWorkLocationForm-nWLPBb8I.js', LF will be 
replaced by CRLF the next time Git touches it
warning: in the working copy of 
'public/build/assets/js/DepartmentForm-B2dJ9QHp.js', LF will be replaced by 
CRLF the next time Git touches it
warning: in the working copy of 
'public/build/assets/js/DepartmentForm-C40uDYLn.js', LF will be replaced by 
CRLF the next time Git touches it
warning: in the working copy of 
'public/build/assets/js/DepartmentTable-BM66VSv4.js', LF will be replaced by 
CRLF the next time Git touches it
warning: in the working copy of 
'public/build/assets/js/DepartmentTable-Dnst972S.js', LF will be replaced by 
CRLF the next time Git touches it
warning: in the working copy of 
'public/build/assets/js/Departments-BFm0iB2d.js', LF will be replaced by CRLF 
the next time Git touches it
warning: in the working copy of 
'public/build/assets/js/Departments-CGGxMBeV.js', LF will be replaced by CRLF 
the next time Git touches it
warning: in the working copy of 
'public/build/assets/js/DepartmentsTab-C4Oyw9Ya.js', LF will be replaced by 
CRLF the next time Git touches it
warning: in the working copy of 
'public/build/assets/js/DepartmentsTab-DO-8ziPw.js', LF will be replaced by 
CRLF the next time Git touches it
warning: in the working copy of 
'public/build/assets/js/DesignationForm-5vN2-4jY.js', LF will be replaced by 
CRLF the next time Git touches it
warning: in the working copy of 
'public/build/assets/js/DesignationForm-B2dJ9QHp.js', LF will be replaced by 
CRLF the next time Git touches it
warning: in the working copy of 
'public/build/assets/js/DesignationTable-CHM9ga8M.js', LF will be replaced by 
CRLF the next time Git touches it
warning: in the working copy of 
'public/build/assets/js/DesignationTable-DB0KqtQX.js', LF will be replaced by 
CRLF the next time Git touches it
warning: in the working copy of 
'public/build/assets/js/Designations-CXZdaqs_.js', LF will be replaced by CRLF 
the next time Git touches it
warning: in the working copy of 
'public/build/assets/js/Designations-IVsC8iJh.js', LF will be replaced by CRLF 
the next time Git touches it
warning: in the working copy of 
'public/build/assets/js/DesignationsTab-B2dJ9QHp.js', LF will be replaced by 
CRLF the next time Git touches it
warning: in the working copy of 
'public/build/assets/js/DesignationsTab-DM1HgVeM.js', LF will be replaced by 
CRLF the next time Git touches it
warning: in the working copy of 
'public/build/assets/js/EmployeeList-CdESiBYz.js', LF will be replaced by CRLF 
the next time Git touches it
warning: in the working copy of 
'public/build/assets/js/EmployeeList-ChTMxSpE.js', LF will be replaced by CRLF 
the next time Git touches it
warning: in the working copy of 
'public/build/assets/js/EmployeeTable-BGQv1z0W.js', LF will be replaced by 
CRLF the next time Git touches it
warning: in the working copy of 
'public/build/assets/js/EmployeeTable-DqjQuYgI.js', LF will be replaced by 
CRLF the next time Git touches it
warning: in the working copy of 
'public/build/assets/js/EmployeesTab-BGQv1z0W.js', LF will be replaced by CRLF 
the next time Git touches it
warning: in the working copy of 
'public/build/assets/js/EmployeesTab-CFtWcLsG.js', LF will be replaced by CRLF 
the next time Git touches it
warning: in the working copy of 
'public/build/assets/js/EnhancedDailyWorkSummaryExportForm-CAZNDbeX.js', LF 
will be replaced by CRLF the next time Git touches it
warning: in the working copy of 
'public/build/assets/js/EnhancedDailyWorksExportForm-DIGkZOLp.js', LF will be 
replaced by CRLF the next time Git touches it
warning: in the working copy of 
'public/build/assets/js/ErrorBoundary-Cjt5z8KV.js', LF will be replaced by 
CRLF the next time Git touches it
warning: in the working copy of 
'public/build/assets/js/ErrorBoundary-D5QrtaDV.js', LF will be replaced by 
CRLF the next time Git touches it
warning: in the working copy of 
'public/build/assets/js/ExclamationTriangleIcon-cq7qCi7Y.js', LF will be 
replaced by CRLF the next time Git touches it
warning: in the working copy of 
'public/build/assets/js/Forbidden-BWfzKKA5.js', LF will be replaced by CRLF 
the next time Git touches it
warning: in the working copy of 
'public/build/assets/js/Forbidden-BnWFpjlw.js', LF will be replaced by CRLF 
the next time Git touches it
warning: in the working copy of 
'public/build/assets/js/ForgotPassword-BxiQbmj7.js', LF will be replaced by 
CRLF the next time Git touches it
warning: in the working copy of 
'public/build/assets/js/ForgotPassword-DB0KqtQX.js', LF will be replaced by 
CRLF the next time Git touches it
warning: in the working copy of 'public/build/assets/js/Holidays-CE3Xj2r2.js', 
LF will be replaced by CRLF the next time Git touches it
warning: in the working copy of 'public/build/assets/js/Holidays-CXZdaqs_.js', 
LF will be replaced by CRLF the next time Git touches it
warning: in the working copy of 
'public/build/assets/js/ImportPreviewModalRadix-CogmIHyh.js', LF will be 
replaced by CRLF the next time Git touches it
warning: in the working copy of 'public/build/assets/js/Index-D9l_x57f.js', LF 
will be replaced by CRLF the next time Git touches it
warning: in the working copy of 'public/build/assets/js/Index-DCy_tiq3.js', LF 
will be replaced by CRLF the next time Git touches it
warning: in the working copy of 
'public/build/assets/js/InstallApp-AjsNKqJ3.js', LF will be replaced by CRLF 
the next time Git touches it
warning: in the working copy of 
'public/build/assets/js/InstallApp-DB0KqtQX.js', LF will be replaced by CRLF 
the next time Git touches it
warning: in the working copy of 
'public/build/assets/js/LeaveSettings-BbsEDqM5.js', LF will be replaced by 
CRLF the next time Git touches it
warning: in the working copy of 
'public/build/assets/js/LeaveSettings-CHHT0H1x.js', LF will be replaced by 
CRLF the next time Git touches it
warning: in the working copy of 
'public/build/assets/js/LeavesEmployee-5LHHkevS.js', LF will be replaced by 
CRLF the next time Git touches it
warning: in the working copy of 
'public/build/assets/js/LeavesEmployee-p5in-SoG.js', LF will be replaced by 
CRLF the next time Git touches it
warning: in the working copy of 
'public/build/assets/js/LeavesUnified-BBStNV30.js', LF will be replaced by 
CRLF the next time Git touches it
warning: in the working copy of 
'public/build/assets/js/LeavesUnified-lJ3IVhIs.js', LF will be replaced by 
CRLF the next time Git touches it
warning: in the working copy of 'public/build/assets/js/Login-B2dJ9QHp.js', LF 
will be replaced by CRLF the next time Git touches it
warning: in the working copy of 'public/build/assets/js/Login-BS8FuWeO.js', LF 
will be replaced by CRLF the next time Git touches it
warning: in the working copy of 
'public/build/assets/js/MagnifyingGlassIcon-D5coGtD4.js', LF will be replaced 
by CRLF the next time Git touches it
warning: in the working copy of 
'public/build/assets/js/MapPinIcon-oAKKCEVb.js', LF will be replaced by CRLF 
the next time Git touches it
warning: in the working copy of 'public/build/assets/js/Marker-CyTy_h8R.js', 
LF will be replaced by CRLF the next time Git touches it
warning: in the working copy of 
'public/build/assets/js/MonthlyCalendarTab-CTLGlygr.js', LF will be replaced 
by CRLF the next time Git touches it
warning: in the working copy of 
'public/build/assets/js/MonthlyCalendarTab-D9nvL9V1.js', LF will be replaced 
by CRLF the next time Git touches it
warning: in the working copy of 
'public/build/assets/js/NoDataMessage-PZcp1ovQ.js', LF will be replaced by 
CRLF the next time Git touches it
warning: in the working copy of 
'public/build/assets/js/ObjectionAccordionItem-BANMRKJb.js', LF will be 
replaced by CRLF the next time Git touches it
warning: in the working copy of 
'public/build/assets/js/ObjectionAccordionItem-Bl-YZxnM.js', LF will be 
replaced by CRLF the next time Git touches it
warning: in the working copy of 
'public/build/assets/js/ObjectionsFiltersBar-B9uKBaLf.js', LF will be replaced 
by CRLF the next time Git touches it
warning: in the working copy of 
'public/build/assets/js/ObjectionsFiltersBar-XPQv4lod.js', LF will be replaced 
by CRLF the next time Git touches it
warning: in the working copy of 
'public/build/assets/js/ObjectionsStatsSection-CwhXLYwz.js', LF will be 
replaced by CRLF the next time Git touches it
warning: in the working copy of 
'public/build/assets/js/ObjectionsStatsSection-DB0KqtQX.js', LF will be 
replaced by CRLF the next time Git touches it
warning: in the working copy of 
'public/build/assets/js/OrganizationOverview-BgOe10xc.js', LF will be replaced 
by CRLF the next time Git touches it
warning: in the working copy of 
'public/build/assets/js/OrganizationOverview-DB0KqtQX.js', LF will be replaced 
by CRLF the next time Git touches it
warning: in the working copy of 
'public/build/assets/js/OrganizationPage-C25EO_To.js', LF will be replaced by 
CRLF the next time Git touches it
warning: in the working copy of 
'public/build/assets/js/OrganizationPage-QPuJCy8R.js', LF will be replaced by 
CRLF the next time Git touches it
warning: in the working copy of 
'public/build/assets/js/PageHeader-DNJivTI-.js', LF will be replaced by CRLF 
the next time Git touches it
warning: in the working copy of 
'public/build/assets/js/PencilIcon-D8p8dj7W.js', LF will be replaced by CRLF 
the next time Git touches it
warning: in the working copy of 
'public/build/assets/js/PettyCashUnified-CXZdaqs_.js', LF will be replaced by 
CRLF the next time Git touches it
warning: in the working copy of 
'public/build/assets/js/PettyCashUnified-k_sCLxP4.js', LF will be replaced by 
CRLF the next time Git touches it
warning: in the working copy of 'public/build/assets/js/PlusIcon-CmPtE-Jm.js', 
LF will be replaced by CRLF the next time Git touches it
warning: in the working copy of 
'public/build/assets/js/ProfilePictureModal-BGMX-rbW.js', LF will be replaced 
by CRLF the next time Git touches it
warning: in the working copy of 
'public/build/assets/js/QueryClientProvider-C_dOSkra.js', LF will be replaced 
by CRLF the next time Git touches it
warning: in the working copy of 
'public/build/assets/js/QueryState-BPUrj0FB.js', LF will be replaced by CRLF 
the next time Git touches it
warning: in the working copy of 
'public/build/assets/js/RadixThemeContext-CH4m0ZlT.js', LF will be replaced by 
CRLF the next time Git touches it
warning: in the working copy of 'public/build/assets/js/Register-AAOqdimS.js', 
LF will be replaced by CRLF the next time Git touches it
warning: in the working copy of 'public/build/assets/js/Register-DB0KqtQX.js', 
LF will be replaced by CRLF the next time Git touches it
warning: in the working copy of 
'public/build/assets/js/RequestLogs-BjqGS6Wt.js', LF will be replaced by CRLF 
the next time Git touches it
warning: in the working copy of 
'public/build/assets/js/RequestLogs-Dir-rrM3.js', LF will be replaced by CRLF 
the next time Git touches it
warning: in the working copy of 
'public/build/assets/js/ResetPassword-DB0KqtQX.js', LF will be replaced by 
CRLF the next time Git touches it
warning: in the working copy of 
'public/build/assets/js/ResetPassword-DBdUuJiP.js', LF will be replaced by 
CRLF the next time Git touches it
warning: in the working copy of 
'public/build/assets/js/SettingsTab--FZrAjD2.js', LF will be replaced by CRLF 
the next time Git touches it
warning: in the working copy of 
'public/build/assets/js/SettingsTab-B7DZVccn.js', LF will be replaced by CRLF 
the next time Git touches it
warning: in the working copy of 
'public/build/assets/js/ShieldExclamationIcon-hiqp5JC-.js', LF will be 
replaced by CRLF the next time Git touches it
warning: in the working copy of 
'public/build/assets/js/StatsCards-BxKoQ8yh.js', LF will be replaced by CRLF 
the next time Git touches it
warning: in the working copy of 
'public/build/assets/js/SystemMonitoringEnhanced-BbsEDqM5.js', LF will be 
replaced by CRLF the next time Git touches it
warning: in the working copy of 
'public/build/assets/js/SystemMonitoringEnhanced-ChDg-Su9.js', LF will be 
replaced by CRLF the next time Git touches it
warning: in the working copy of 
'public/build/assets/js/TablePagination-Dht1Rjv7.js', LF will be replaced by 
CRLF the next time Git touches it
warning: in the working copy of 
'public/build/assets/js/TileLayer-OsRTXKLT.js', LF will be replaced by CRLF 
the next time Git touches it
warning: in the working copy of 
'public/build/assets/js/TrashIcon-tTv4YzZI.js', LF will be replaced by CRLF 
the next time Git touches it
warning: in the working copy of 
'public/build/assets/js/UpdatePasswordForm-D0JPRh27.js', LF will be replaced 
by CRLF the next time Git touches it
warning: in the working copy of 
'public/build/assets/js/UpdatePasswordForm-DB0KqtQX.js', LF will be replaced 
by CRLF the next time Git touches it
warning: in the working copy of 
'public/build/assets/js/UpdateProfileInformationForm-D0JPRh27.js', LF will be 
replaced by CRLF the next time Git touches it
warning: in the working copy of 
'public/build/assets/js/UpdateProfileInformationForm-DB0KqtQX.js', LF will be 
replaced by CRLF the next time Git touches it
warning: in the working copy of 
'public/build/assets/js/UserDevices-CdzhCKMv.js', LF will be replaced by CRLF 
the next time Git touches it
warning: in the working copy of 
'public/build/assets/js/UserDevices-TpnyvvmX.js', LF will be replaced by CRLF 
the next time Git touches it
warning: in the working copy of 'public/build/assets/js/UserIcon-BvWb_vQu.js', 
LF will be replaced by CRLF the next time Git touches it
warning: in the working copy of 
'public/build/assets/js/UserProfile-BU2yyxbA.js', LF will be replaced by CRLF 
the next time Git touches it
warning: in the working copy of 
'public/build/assets/js/UserProfile-DzFlr4U2.js', LF will be replaced by CRLF 
the next time Git touches it
warning: in the working copy of 
'public/build/assets/js/VerifyEmail-DB0KqtQX.js', LF will be replaced by CRLF 
the next time Git touches it
warning: in the working copy of 
'public/build/assets/js/VerifyEmail-DKSLg_xi.js', LF will be replaced by CRLF 
the next time Git touches it
warning: in the working copy of 
'public/build/assets/js/WorkLocationForm-B2dJ9QHp.js', LF will be replaced by 
CRLF the next time Git touches it
warning: in the working copy of 
'public/build/assets/js/WorkLocationForm-Dx5ew5qa.js', LF will be replaced by 
CRLF the next time Git touches it
warning: in the working copy of 
'public/build/assets/js/WorkLocations-CmOCVejh.js', LF will be replaced by 
CRLF the next time Git touches it
warning: in the working copy of 
'public/build/assets/js/WorkLocations-DIICR-A-.js', LF will be replaced by 
CRLF the next time Git touches it
warning: in the working copy of 
'public/build/assets/js/WorkLocationsTab-BGQv1z0W.js', LF will be replaced by 
CRLF the next time Git touches it
warning: in the working copy of 
'public/build/assets/js/WorkLocationsTab-FAeCpvIJ.js', LF will be replaced by 
CRLF the next time Git touches it
warning: in the working copy of 
'public/build/assets/js/WorkLocationsTable-BW02OLx4.js', LF will be replaced 
by CRLF the next time Git touches it
warning: in the working copy of 
'public/build/assets/js/WorkLocationsTable-Cbp5eQzq.js', LF will be replaced 
by CRLF the next time Git touches it
warning: in the working copy of 
'public/build/assets/js/XCircleIcon-ByqJQJwa.js', LF will be replaced by CRLF 
the next time Git touches it
warning: in the working copy of 
'public/build/assets/js/XCircleIcon-C4qtckoR.js', LF will be replaced by CRLF 
the next time Git touches it
warning: in the working copy of 
'public/build/assets/js/XMarkIcon-CHdQB58D.js', LF will be replaced by CRLF 
the next time Git touches it
warning: in the working copy of 'public/build/assets/js/app-DUNfAkxo.js', LF 
will be replaced by CRLF the next time Git touches it
warning: in the working copy of 
'public/build/assets/js/buildObjectionsStats-CU3bssWU.js', LF will be replaced 
by CRLF the next time Git touches it
warning: in the working copy of 
'public/build/assets/js/buildObjectionsStats-DB0KqtQX.js', LF will be replaced 
by CRLF the next time Git touches it
warning: in the working copy of 'public/build/assets/js/client-DFoUewxW.js', 
LF will be replaced by CRLF the next time Git touches it
warning: in the working copy of 
'public/build/assets/js/dayjs.min-Ca8ckx1t.js', LF will be replaced by CRLF 
the next time Git touches it
warning: in the working copy of 
'public/build/assets/js/exportUtils-CsSDC5K4.js', LF will be replaced by CRLF 
the next time Git touches it
warning: in the working copy of 
'public/build/assets/js/firebase-config-W8V2pxgq.js', LF will be replaced by 
CRLF the next time Git touches it
warning: in the working copy of 
'public/build/assets/js/firebaseInit-CplvIYqf.js', LF will be replaced by CRLF 
the next time Git touches it
warning: in the working copy of 'public/build/assets/js/format-SWwc5JVH.js', 
LF will be replaced by CRLF the next time Git touches it
warning: in the working copy of 
'public/build/assets/js/html2canvas.esm-QH1iLAAe.js', LF will be replaced by 
CRLF the next time Git touches it
warning: in the working copy of 'public/build/assets/js/index-waYSsIoM.js', LF 
will be replaced by CRLF the next time Git touches it
warning: in the working copy of 'public/build/assets/js/index.es-BHwsMsK_.js', 
LF will be replaced by CRLF the next time Git touches it
warning: in the working copy of 
'public/build/assets/js/isBetween-BeFsmbWA.js', LF will be replaced by CRLF 
the next time Git touches it
warning: in the working copy of 
'public/build/assets/js/jspdf.es.min-DIAOCh27.js', LF will be replaced by CRLF 
the next time Git touches it
warning: in the working copy of 'public/build/assets/js/leaflet-CpeWTaXg.js', 
LF will be replaced by CRLF the next time Git touches it
warning: in the working copy of 
'public/build/assets/js/leaflet-routing-machine-CqCZn3Dx.js', LF will be 
replaced by CRLF the next time Git touches it
warning: in the working copy of 'public/build/assets/js/minMax-Chrxervq.js', 
LF will be replaced by CRLF the next time Git touches it
warning: in the working copy of 
'public/build/assets/js/objectionConfig-BuE47j_C.js', LF will be replaced by 
CRLF the next time Git touches it
warning: in the working copy of 
'public/build/assets/js/objectionUiConfig-Dc4jxQby.js', LF will be replaced by 
CRLF the next time Git touches it
warning: in the working copy of 
'public/build/assets/js/purify.es-dhnUglUx.js', LF will be replaced by CRLF 
the next time Git touches it
warning: in the working copy of 
'public/build/assets/js/react-icons.esm-BZz3CXXS.js', LF will be replaced by 
CRLF the next time Git touches it
warning: in the working copy of 
'public/build/assets/js/useAttendanceQuery-CQgVdpwQ.js', LF will be replaced 
by CRLF the next time Git touches it
warning: in the working copy of 
'public/build/assets/js/useDepartmentsQuery-BRLJrlaU.js', LF will be replaced 
by CRLF the next time Git touches it
warning: in the working copy of 
'public/build/assets/js/useDesignationsQuery-BUptgtn1.js', LF will be replaced 
by CRLF the next time Git touches it
warning: in the working copy of 
'public/build/assets/js/useDisclosure-8BQ-qjUc.js', LF will be replaced by 
CRLF the next time Git touches it
warning: in the working copy of 
'public/build/assets/js/useLeavesQuery-33JLKJDx.js', LF will be replaced by 
CRLF the next time Git touches it
warning: in the working copy of 
'public/build/assets/js/useMediaQuery-DzkaZ5Od.js', LF will be replaced by 
CRLF the next time Git touches it
warning: in the working copy of 
'public/build/assets/js/useMutation-CLV3Au9a.js', LF will be replaced by CRLF 
the next time Git touches it
warning: in the working copy of 
'public/build/assets/js/useObjectionsAccess-CiioRFb5.js', LF will be replaced 
by CRLF the next time Git touches it
warning: in the working copy of 
'public/build/assets/js/useObjectionsActions-B4bKdGlq.js', LF will be replaced 
by CRLF the next time Git touches it
warning: in the working copy of 
'public/build/assets/js/useObjectionsListState-GCsTGlcr.js', LF will be 
replaced by CRLF the next time Git touches it
warning: in the working copy of 'public/build/assets/js/useQuery-BdR4yhVR.js', 
LF will be replaced by CRLF the next time Git touches it
warning: in the working copy of 
'public/build/assets/js/useWorkLocationsQuery-DWT_tjM4.js', LF will be 
replaced by CRLF the next time Git touches it
warning: in the working copy of 
'public/build/assets/js/vendor-framer-D7rCJgbu.js', LF will be replaced by 
CRLF the next time Git touches it
warning: in the working copy of 
'public/build/assets/js/vendor-inertia-B_jPe_ra.js', LF will be replaced by 
CRLF the next time Git touches it
warning: in the working copy of 
'public/build/assets/js/vendor-radix-W2H-9_hK.js', LF will be replaced by CRLF 
the next time Git touches it
warning: in the working copy of 
'public/build/assets/js/vendor-react-l0sNRNKZ.js', LF will be replaced by CRLF 
the next time Git touches it
warning: in the working copy of 
'public/build/assets/js/vendor-utils-D6Wd6ilh.js', LF will be replaced by CRLF 
the next time Git touches it
warning: in the working copy of 'public/build/assets/js/xlsx-CkFp8p6R.js', LF 
will be replaced by CRLF the next time Git touches it
warning: in the working copy of 'public/build/manifest.json', LF will be 
replaced by CRLF the next time Git touches it
warning: in the working copy of 'public/manifest.json', LF will be replaced by 
CRLF the next time Git touches it
warning: in the working copy of 'public/service-worker.js', LF will be 
replaced by CRLF the next time Git touches it
[main 77dcf27b] build: auto commit and push
 6 files changed, 7 insertions(+), 7 deletions(-)
 create mode 100644 build-output.txt
To https://github.com/emamhosen1999/Aero-Enterprise-Suite.git
   0083665c..77dcf27b  main -> main
