


=== Jurisdiction-Based Daily Work Visibility Test ===

Step 1: Reporting Hierarchy Analysis
--------------------------------------------------
Found 20 users with managers

Manager: Md. Abul Bashar (ID: 1)
  ΓåÆ Reports to: Md. Abul Bashar (ID: 1) - Roles: Administrator, Department Manager - Has Jurisdiction: No
  ΓåÆ Reports to: DEBASHIS JHA (ID: 3) - Roles: Member - Has Jurisdiction: No
  ΓåÆ Reports to: Prodip (ID: 4) - Roles: Member - Has Jurisdiction: Yes
  ΓåÆ Reports to: Md. Habibur (ID: 5) - Roles: Member - Has Jurisdiction: Yes
  ΓåÆ Reports to: Emam Hosen (ID: 18) - Roles: Super Administrator, Member - Has Jurisdiction: No
  ΓåÆ Reports to: Md. Emamul (ID: 19) - Roles: Administrator, Member - Has Jurisdiction: No
  ΓåÆ Reports to: Md. Raisul Islam Rahat (ID: 25) - Roles: Member - Has Jurisdiction: Yes
  ΓåÆ Reports to: Md. Fahim Hossain (ID: 26) - Roles: Administrator, Member - Has Jurisdiction: No
  ΓåÆ Reports to: Md. Rajibul Islam (ID: 95) - Roles: Member - Has Jurisdiction: No

Manager: DEBASHIS JHA (ID: 3)
  ΓåÆ Reports to: A.K.M Shifur Rahaman (ID: 6) - Roles: Member - Has Jurisdiction: No
  ΓåÆ Reports to: Md. Uzzal Mia (ID: 9) - Roles: Member - Has Jurisdiction: No
  ΓåÆ Reports to: Md. Nazmul Hasan (ID: 97) - Roles: Member - Has Jurisdiction: No

Manager: Prodip (ID: 4)
  ΓåÆ Reports to: Fuad (ID: 8) - Roles: Member - Has Jurisdiction: No
  ΓåÆ Reports to: Md. Babar (ID: 13) - Roles: Member - Has Jurisdiction: No
  ΓåÆ Reports to: Subrata Kumar Chaki (ID: 23) - Roles: Member - Has Jurisdiction: No

Manager: Md. Habibur (ID: 5)
  ΓåÆ Reports to: MD. Munirujjaman (ID: 7) - Roles: Member - Has Jurisdiction: No
  ΓåÆ Reports to: Md. Sobuj (ID: 12) - Roles: Member - Has Jurisdiction: No
  ΓåÆ Reports to: Nymul (ID: 16) - Roles: Member - Has Jurisdiction: No

Manager: Md. Raisul Islam Rahat (ID: 25)
  ΓåÆ Reports to: Md. Main Uddin (ID: 14) - Roles: Member - Has Jurisdiction: No
  ΓåÆ Reports to: A.S.M Oli (ID: 98) - Roles: Member - Has Jurisdiction: No

Step 2: Finding suitable manager-employee pair for testing
--------------------------------------------------
Γ£ô Manager: Md. Abul Bashar (ID: 1)
Γ£ô Employee: DEBASHIS JHA (ID: 3)
Γ£ô Employee reports to manager: Yes
Γ£ô Employee has jurisdiction: No

Step 3: Daily Works Analysis
--------------------------------------------------
Manager's incharge works: 0
  (No works found)

Employee's incharge works: 1951
  - S2024-1017-7059 (2024-10-17 00:00:00) - Status: new
  - E2024-1008-11275 (2024-10-08 00:00:00) - Status: new
  - E2024-1008-11274 (2024-10-08 00:00:00) - Status: new
  - S2024-1008-7003 (2024-10-08 00:00:00) - Status: new
  - E2024-0929-11242 (2024-10-01 00:00:00) - Status: resubmission

Step 4: Visibility Logic Simulation
--------------------------------------------------
Employee has NO jurisdiction - should see manager's incharge works
Expected visible works for employee: 0
  (No works expected to be visible)

Step 5: Backend Query Verification
--------------------------------------------------
Backend query returns: 1951 works
  - S2024-1017-7059 (2024-10-17 00:00:00) - Status: new
  - S2024-1008-7003 (2024-10-08 00:00:00) - Status: new
  - E2024-1008-11274 (2024-10-08 00:00:00) - Status: new
  - E2024-1008-11275 (2024-10-08 00:00:00) - Status: new
  - E2024-1001-11248 (2024-10-01 00:00:00) - Status: new

Step 6: Comparison Results
--------------------------------------------------
Expected work IDs: (none)
Backend work IDs: 25, 63, 65, 66, 68, 69, 70, 71, 81, 82, 83, 84, 92, 104, 105, 109, 110, 111, 207, 250, 251, 265, 266, 288, 289, 352, 353, 370, 371, 372, 373, 374, 375, 376, 418, 419, 420, 421, 422, 423, 424, 426, 427, 428, 429, 432, 433, 434, 435, 436, 437, 439, 440, 460, 461, 462, 463, 464, 465, 521, 523, 524, 565, 566, 567, 568, 573, 574, 658, 660, 661, 695, 696, 697, 698, 706, 714, 715, 716, 731, 732, 980, 983, 984, 1018, 1026, 1027, 1028, 1029, 1030, 1031, 1032, 1033, 1060, 1062, 1063, 1066, 1067, 1068, 1069, 1095, 1122, 1126, 1127, 1164, 1165, 1166, 1167, 1168, 1169, 1170, 1171, 1172, 1203, 1206, 1207, 1208, 1211, 1212, 1213, 1214, 1331, 1338, 1339, 1340, 1341, 1342, 1343, 1370, 1371, 1373, 1374, 1375, 1376, 1377, 1378, 1384, 1386, 1388, 1390, 1416, 1417, 1419, 1420, 1421, 1422, 1423, 1516, 1554, 1555, 1556, 1557, 1558, 1559, 1560, 1562, 1563, 1569, 1571, 1573, 1575, 1577, 1578, 1579, 1580, 1583, 1584, 1606, 1608, 1609, 1614, 1615, 1685, 1686, 1728, 1729, 1731, 1733, 1734, 1735, 1736, 1737, 1739, 1765, 1766, 1767, 1768, 1769, 1772, 1773, 1774, 1895, 1896, 1897, 1898, 1899, 1900, 1933, 1934, 1935, 1936, 1944, 1945, 1946, 1947, 1948, 1949, 1952, 1953, 1954, 1955, 1967, 1968, 1969, 1980, 1981, 1982, 1983, 1984, 2137, 2138, 2139, 2140, 2141, 2142, 2143, 2144, 2145, 2146, 2147, 2148, 2163, 2173, 2265, 2299, 2302, 2303, 2331, 2333, 2334, 2338, 2340, 2341, 2342, 2343, 2344, 2345, 2346, 2347, 2377, 2471, 2506, 2508, 2509, 2519, 2537, 2538, 2539, 2540, 2542, 2543, 2544, 2545, 2546, 2547, 2548, 2549, 2562, 2563, 2564, 2575, 2645, 2649, 2650, 2651, 2652, 2653, 2654, 2655, 2670, 2671, 2672, 2673, 2730, 2731, 2758, 2759, 2760, 2791, 2792, 2793, 2797, 2928, 2929, 3002, 3003, 3126, 3127, 3129, 3130, 3155, 3156, 3157, 3158, 3159, 3160, 3198, 3199, 3200, 3201, 3202, 3203, 3204, 3205, 3206, 3207, 3208, 3331, 3333, 3334, 3354, 3355, 3356, 3381, 3398, 3399, 3400, 3401, 3402, 3403, 3586, 3595, 3606, 3607, 3608, 3612, 3631, 3648, 3649, 3650, 3651, 3696, 3725, 3784, 3785, 3786, 3806, 3807, 3826, 3827, 3828, 3833, 3834, 3844, 3852, 3853, 3854, 3855, 3916, 3941, 3948, 3949, 3950, 3952, 3953, 3954, 3955, 3956, 3957, 3958, 3959, 3960, 3976, 3977, 3979, 3980, 3983, 3984, 3985, 3986, 3987, 3988, 4048, 4110, 4111, 4112, 4113, 4114, 4115, 4116, 4117, 4118, 4119, 4120, 4122, 4129, 4137, 4147, 4153, 4154, 4155, 4156, 4157, 4158, 4249, 4275, 4276, 4281, 4283, 4285, 4287, 4298, 4300, 4311, 4313, 4314, 4315, 4316, 4317, 4318, 4319, 4322, 4323, 4324, 4380, 4381, 4382, 4383, 4384, 4385, 4386, 4387, 4388, 4417, 4418, 4433, 4434, 4436, 4437, 4438, 4439, 4445, 4446, 4447, 4454, 4455, 4456, 4457, 4460, 4461, 4462, 4463, 4464, 4465, 4554, 4591, 4592, 4605, 4606, 4617, 4618, 4629, 4630, 4631, 4637, 4638, 4639, 4640, 4641, 4642, 4643, 4644, 4645, 4646, 4647, 4648, 4649, 4747, 4748, 4750, 4784, 4785, 4787, 4789, 4791, 4793, 4795, 4822, 4823, 4824, 4825, 4826, 4827, 4828, 4832, 4833, 4834, 4835, 4836, 4895, 4896, 4934, 4936, 4949, 4951, 4952, 4953, 4954, 4955, 4956, 4957, 4958, 4959, 4960, 4961, 4973, 4976, 4977, 4978, 4979, 4980, 4981, 4982, 4983, 4984, 4985, 4986, 5050, 5053, 5107, 5108, 5119, 5120, 5131, 5135, 5136, 5140, 5141, 5142, 5145, 5146, 5147, 5148, 5149, 5150, 5151, 5152, 5153, 5154, 5155, 5159, 5226, 5273, 5274, 5275, 5276, 5277, 5278, 5279, 5280, 5281, 5282, 5283, 5284, 5285, 5312, 5313, 5318, 5321, 5322, 5323, 5324, 5325, 5328, 5329, 5330, 5331, 5332, 5333, 5335, 5421, 5422, 5423, 5493, 5495, 5497, 5507, 5521, 5524, 5525, 5526, 5529, 5530, 5531, 5532, 5533, 5540, 5541, 5542, 5608, 5609, 5662, 5675, 5687, 5688, 5701, 5702, 5703, 5704, 5705, 5706, 5709, 5712, 5713, 5714, 5717, 5718, 5719, 5720, 5723, 5724, 5728, 5776, 5826, 5828, 5830, 5841, 5842, 5843, 5844, 5845, 5846, 5847, 5848, 5849, 5850, 5853, 5854, 5855, 5856, 5871, 5872, 5873, 5876, 5877, 5878, 5881, 5882, 5883, 5886, 5887, 5888, 5922, 5927, 5976, 5977, 5978, 5979, 5990, 5991, 5992, 5994, 5995, 5996, 5997, 5998, 6012, 6013, 6014, 6015, 6016, 6017, 6018, 6019, 6020, 6023, 6028, 6029, 6030, 6033, 6104, 6142, 6143, 6144, 6145, 6146, 6147, 6148, 6149, 6150, 6151, 6152, 6153, 6162, 6163, 6164, 6165, 6172, 6173, 6174, 6175, 6176, 6179, 6181, 6182, 6184, 6185, 6190, 6241, 6242, 6243, 6285, 6286, 6287, 6297, 6301, 6302, 6304, 6305, 6308, 6309, 6310, 6311, 6312, 6315, 6316, 6317, 6320, 6322, 6323, 6356, 6357, 6358, 6359, 6360, 6361, 6362, 6407, 6408, 6409, 6410, 6411, 6420, 6421, 6422, 6423, 6424, 6428, 6429, 6430, 6431, 6432, 6433, 6434, 6435, 6439, 6440, 6441, 6442, 6443, 6444, 6445, 6446, 6447, 6448, 6449, 6450, 6479, 6484, 6485, 6535, 6536, 6537, 6546, 6547, 6548, 6549, 6550, 6551, 6554, 6559, 6562, 6567, 6568, 6569, 6570, 6571, 6573, 6610, 6615, 6616, 6667, 6668, 6669, 6670, 6671, 6672, 6673, 6682, 6683, 6684, 6685, 6686, 6687, 6688, 6690, 6691, 6692, 6693, 6694, 6695, 6696, 6697, 6698, 6699, 6702, 6703, 6704, 6705, 6707, 6708, 6709, 6710, 6711, 6750, 6751, 6752, 6753, 6754, 6755, 6756, 6757, 6758, 6808, 6817, 6818, 6819, 6820, 6851, 6852, 6853, 6892, 6893, 6894, 6930, 6933, 6944, 6945, 6946, 6956, 6957, 6958, 6960, 6962, 6970, 6971, 6972, 6978, 6979, 6980, 7013, 7021, 7022, 7061, 7070, 7071, 7072, 7073, 7074, 7075, 7076, 7083, 7086, 7087, 7093, 7096, 7097, 7099, 7158, 7204, 7205, 7207, 7210, 7211, 7212, 7217, 7218, 7219, 7220, 7221, 7223, 7262, 7263, 7264, 7265, 7266, 7267, 7268, 7269, 7270, 7271, 7272, 7306, 7317, 7318, 7323, 7324, 7327, 7328, 7329, 7333, 7336, 7337, 7338, 7339, 7340, 7387, 7388, 7389, 7390, 7428, 7429, 7438, 7439, 7440, 7441, 7442, 7443, 7444, 7449, 7450, 7451, 7452, 7453, 7454, 7455, 7456, 7457, 7501, 7502, 7542, 7543, 7544, 7545, 7548, 7549, 7550, 7551, 7553, 7554, 7557, 7558, 7565, 7566, 7567, 7568, 7569, 7570, 7571, 7572, 7573, 7579, 7625, 7626, 7627, 7628, 7652, 7653, 7662, 7663, 7664, 7665, 7666, 7667, 7668, 7674, 7677, 7684, 7685, 7686, 7687, 7690, 7691, 7694, 7696, 7731, 7745, 7746, 7747, 7748, 7773, 7782, 7783, 7784, 7785, 7786, 7787, 7788, 7789, 7790, 7791, 7792, 7793, 7794, 7797, 7798, 7799, 7800, 7801, 7802, 7803, 7808, 7809, 7810, 7811, 7812, 7813, 7814, 7815, 7819, 7877, 7878, 7879, 7880, 7908, 7919, 7920, 7927, 7928, 7929, 7930, 7931, 7932, 7935, 7936, 7937, 7938, 7939, 7940, 7941, 7942, 7943, 7944, 7945, 7946, 7947, 7948, 7949, 7950, 7951, 7952, 7953, 7954, 7978, 7993, 7994, 8039, 8040, 8049, 8050, 8051, 8052, 8053, 8056, 8057, 8058, 8059, 8060, 8061, 8062, 8066, 8067, 8070, 8091, 8092, 8093, 8098, 8099, 8100, 8101, 8102, 8103, 8104, 8105, 8106, 8107, 8142, 8152, 8153, 8154, 8155, 8156, 8157, 8158, 8159, 8160, 8161, 8162, 8165, 8166, 8167, 8168, 8170, 8171, 8172, 8173, 8174, 8175, 8176, 8179, 8180, 8181, 8358, 8359, 8360, 8361, 8391, 8403, 8404, 8405, 8409, 8412, 8413, 8414, 8417, 8425, 8428, 8493, 8494, 8519, 8529, 8535, 8536, 8537, 8538, 8539, 8540, 8541, 8542, 8543, 8544, 8545, 8546, 8549, 8550, 8551, 8552, 8553, 8554, 8555, 8556, 8559, 8562, 8563, 8564, 8565, 8566, 8567, 8568, 8569, 8570, 8571, 8611, 8622, 8623, 8624, 8625, 8641, 8652, 8653, 8654, 8655, 8656, 8657, 8658, 8659, 8660, 8661, 8662, 8663, 8666, 8667, 8668, 8669, 8670, 8671, 8672, 8673, 8674, 8675, 8676, 8711, 8719, 8737, 8738, 8739, 8740, 8762, 8763, 8764, 8765, 8769, 8770, 8771, 8772, 8773, 8774, 8775, 8776, 8779, 8780, 8781, 8782, 8783, 8784, 8785, 8786, 8787, 8788, 8789, 8790, 8791, 8792, 8793, 8794, 8795, 8796, 8797, 8798, 8799, 8832, 8983, 8984, 8998, 9013, 9014, 9015, 9016, 9017, 9018, 9019, 9020, 9021, 9022, 9023, 9024, 9025, 9028, 9029, 9030, 9031, 9032, 9033, 9034, 9035, 9036, 9037, 9038, 9040, 9041, 9042, 9043, 9044, 9045, 9046, 9047, 9048, 9049, 9050, 9082, 9104, 9105, 9132, 9133, 9140, 9141, 9142, 9143, 9144, 9145, 9146, 9147, 9148, 9151, 9152, 9153, 9154, 9155, 9156, 9158, 9159, 9160, 9163, 9164, 9165, 9186, 9187, 9209, 9210, 9211, 9212, 9238, 9239, 9243, 9244, 9245, 9246, 9247, 9248, 9249, 9250, 9251, 9252, 9253, 9254, 9257, 9258, 9259, 9260, 9261, 9262, 9263, 9264, 9265, 9266, 9267, 9268, 9269, 9270, 9271, 9272, 9273, 9274, 9275, 9315, 9316, 9333, 9343, 9344, 9345, 9346, 9347, 9353, 9354, 9355, 9356, 9357, 9358, 9359, 9360, 9364, 9365, 9366, 9367, 9368, 9369, 9370, 9371, 9372, 9373, 9374, 9426, 9427, 9428, 9445, 9446, 9455, 9456, 9457, 9458, 9459, 9463, 9464, 9468, 9469, 9474, 9475, 9476, 9477, 9478, 9479, 9480, 9481, 9482, 9581, 9582, 9584, 9585, 9653, 9704, 9705, 9730, 9732, 9733, 9774, 9776, 9777, 9778, 9779, 9806, 9827, 9828, 9829, 9830, 9857, 9858, 9870, 9871, 9876, 9877, 9884, 9885, 9886, 9930, 9931, 9951, 9952, 9963, 9964, 9965, 9972, 9973, 9974, 9975, 9978, 9979, 9980, 10020, 10021, 10056, 10057, 10058, 10059, 10060, 10061, 10062, 10063, 10064, 10065, 10066, 10067, 10069, 10071, 10073, 10074, 10075, 10114, 10115, 10116, 10137, 10148, 10149, 10150, 10154, 10155, 10156, 10157, 10158, 10159, 10160, 10161, 10165, 10166, 10167, 10168, 10170, 10205, 10206, 10207, 10225, 10234, 10235, 10236, 10237, 10238, 10242, 10243, 10244, 10245, 10246, 10247, 10256, 10257, 10258, 10259, 10260, 10261, 10262, 10263, 10299, 10300, 10301, 10314, 10315, 10317, 10326, 10327, 10328, 10329, 10333, 10334, 10335, 10336, 10337, 10338, 10339, 10340, 10341, 10342, 10343, 10344, 10347, 10348, 10349, 10350, 10351, 10352, 10353, 10354, 10381, 10391, 10392, 10393, 10403, 10413, 10414, 10415, 10416, 10417, 10418, 10419, 10420, 10424, 10425, 10426, 10429, 10430, 10431, 10435, 10436, 10437, 10438, 10439, 10440, 10441, 10469, 10483, 10493, 10500, 10502, 10512, 10513, 10514, 10515, 10518, 10519, 10523, 10524, 10525, 10530, 10531, 10532, 10533, 10534, 10535, 10536, 10537, 10538, 10539, 10540, 10541, 10542, 10544, 10566, 10581, 10583, 10584, 10595, 10596, 10603, 10604, 10605, 10606, 10607, 10608, 10609, 10612, 10613, 10614, 10620, 10621, 10622, 10623, 10624, 10625, 10666, 10667, 10684, 10686, 10687, 10688, 10692, 10693, 10694, 10695, 10704, 10707, 10708, 10709, 10710, 10711, 10712, 10713, 10714, 10716, 10717, 10718, 10719, 10720, 10721, 10722, 10741, 10744, 10745, 10765, 10766, 10767, 10768, 10769, 10770, 10771, 10772, 10779, 10780, 10808, 10821, 10822, 10823, 10824, 10825, 10826, 10841, 10842, 10846, 10853, 10854, 10855, 10863, 10865, 10885, 10889, 10891, 10892, 10915, 10916, 10919, 10920, 10921, 10922, 10923, 10924, 10925, 10926, 10927, 10952, 10953, 10954, 10955, 10956, 10957, 10987, 10988, 10989, 10990, 10991, 10994, 10995, 10996, 10997, 10998, 10999, 11000, 11001, 11002, 11003, 11007, 11008, 11031, 11038, 11049, 11070, 11092, 11097, 11098, 11101, 11102, 11103, 11114, 11118, 11125, 11126, 11185, 11223, 11226, 11227, 11228, 11231, 11235, 11266, 11267, 11268, 11292, 11293, 11294, 11342, 11343, 11362, 11363, 11364, 11366, 11367, 11368, 11369, 11370, 11373, 11374, 11375, 11376, 11377, 11382, 11384, 11385, 11408, 11435, 11462, 11463, 11464, 11465, 11468, 11469, 11470, 11476, 11503, 11504, 11505, 11533, 11534, 11535, 11536, 11537, 11538, 11542, 11544, 11559, 11560, 11561, 11562, 11569, 11586, 11587, 11588, 11613, 11618, 11622, 11623, 11624, 11625, 11626, 11627, 11628, 11630, 11631, 11632, 11635, 11636, 11647, 11648, 11659, 11666, 11667, 11668, 11692, 11693, 11694, 11695, 11696, 11697, 11736, 11746, 11747, 11748, 11749, 11767, 11768, 11769, 11776, 11777, 11782, 11784, 11811, 11819, 11820, 11821, 11829, 11830, 11831, 11832, 11833, 11834, 11841, 11842, 11843, 11844, 11845, 11846, 11847, 11848, 11849, 11850, 11926, 11927, 11928, 11929, 11930, 11931, 11932, 11933, 11934, 11935, 11936, 11937, 11938, 11939, 11940, 11941, 11942, 11950, 11951, 11952, 11953, 11963, 11965, 11966, 11967, 11968, 11969, 11970, 11971, 11972, 11973, 11974, 11975, 11976, 12033, 12058, 12063, 12077, 12078, 12088, 12095, 12107, 12115, 12124, 12125, 12133, 12145, 12153, 12174, 12179, 12199, 12208, 12209, 12210, 12211, 12223, 12224, 12225, 12235, 12254, 12267, 12269, 12271, 12301, 12302, 12314, 12343, 12344, 12345, 12346, 12352, 12369, 12370, 12371, 12372, 12373, 12379, 12380, 12381, 12397, 12398, 12399, 12417, 12418, 12431, 12432, 12433, 12434, 12465, 13146, 13147, 13148, 13162, 13163, 13186, 13187, 13268, 13284, 13294, 13295, 13314, 13374, 13403, 13404, 13430, 13431, 13478, 13479, 13566, 13567, 13590, 13591, 13597, 13598, 13599, 13600, 13601, 13602, 13603, 13604, 13605, 13618, 13619, 13622, 13634, 13659, 13660, 13661, 13762, 13763, 13764, 13948

Γ¥î FAILURE: Backend query does NOT match expected visibility
   Difference in work IDs:
   Backend but not expected: 25, 63, 65, 66, 68, 69, 70, 71, 81, 82, 83, 84, 92, 104, 105, 109, 110, 111, 207, 250, 251, 265, 266, 288, 289, 352, 353, 370, 371, 372, 373, 374, 375, 376, 418, 419, 420, 421, 422, 423, 424, 426, 427, 428, 429, 432, 433, 434, 435, 436, 437, 439, 440, 460, 461, 462, 463, 464, 465, 521, 523, 524, 565, 566, 567, 568, 573, 574, 658, 660, 661, 695, 696, 697, 698, 706, 714, 715, 716, 731, 732, 980, 983, 984, 1018, 1026, 1027, 1028, 1029, 1030, 1031, 1032, 1033, 1060, 1062, 1063, 1066, 1067, 1068, 1069, 1095, 1122, 1126, 1127, 1164, 1165, 1166, 1167, 1168, 1169, 1170, 1171, 1172, 1203, 1206, 1207, 1208, 1211, 1212, 1213, 1214, 1331, 1338, 1339, 1340, 1341, 1342, 1343, 1370, 1371, 1373, 1374, 1375, 1376, 1377, 1378, 1384, 1386, 1388, 1390, 1416, 1417, 1419, 1420, 1421, 1422, 1423, 1516, 1554, 1555, 1556, 1557, 1558, 1559, 1560, 1562, 1563, 1569, 1571, 1573, 1575, 1577, 1578, 1579, 1580, 1583, 1584, 1606, 1608, 1609, 1614, 1615, 1685, 1686, 1728, 1729, 1731, 1733, 1734, 1735, 1736, 1737, 1739, 1765, 1766, 1767, 1768, 1769, 1772, 1773, 1774, 1895, 1896, 1897, 1898, 1899, 1900, 1933, 1934, 1935, 1936, 1944, 1945, 1946, 1947, 1948, 1949, 1952, 1953, 1954, 1955, 1967, 1968, 1969, 1980, 1981, 1982, 1983, 1984, 2137, 2138, 2139, 2140, 2141, 2142, 2143, 2144, 2145, 2146, 2147, 2148, 2163, 2173, 2265, 2299, 2302, 2303, 2331, 2333, 2334, 2338, 2340, 2341, 2342, 2343, 2344, 2345, 2346, 2347, 2377, 2471, 2506, 2508, 2509, 2519, 2537, 2538, 2539, 2540, 2542, 2543, 2544, 2545, 2546, 2547, 2548, 2549, 2562, 2563, 2564, 2575, 2645, 2649, 2650, 2651, 2652, 2653, 2654, 2655, 2670, 2671, 2672, 2673, 2730, 2731, 2758, 2759, 2760, 2791, 2792, 2793, 2797, 2928, 2929, 3002, 3003, 3126, 3127, 3129, 3130, 3155, 3156, 3157, 3158, 3159, 3160, 3198, 3199, 3200, 3201, 3202, 3203, 3204, 3205, 3206, 3207, 3208, 3331, 3333, 3334, 3354, 3355, 3356, 3381, 3398, 3399, 3400, 3401, 3402, 3403, 3586, 3595, 3606, 3607, 3608, 3612, 3631, 3648, 3649, 3650, 3651, 3696, 3725, 3784, 3785, 3786, 3806, 3807, 3826, 3827, 3828, 3833, 3834, 3844, 3852, 3853, 3854, 3855, 3916, 3941, 3948, 3949, 3950, 3952, 3953, 3954, 3955, 3956, 3957, 3958, 3959, 3960, 3976, 3977, 3979, 3980, 3983, 3984, 3985, 3986, 3987, 3988, 4048, 4110, 4111, 4112, 4113, 4114, 4115, 4116, 4117, 4118, 4119, 4120, 4122, 4129, 4137, 4147, 4153, 4154, 4155, 4156, 4157, 4158, 4249, 4275, 4276, 4281, 4283, 4285, 4287, 4298, 4300, 4311, 4313, 4314, 4315, 4316, 4317, 4318, 4319, 4322, 4323, 4324, 4380, 4381, 4382, 4383, 4384, 4385, 4386, 4387, 4388, 4417, 4418, 4433, 4434, 4436, 4437, 4438, 4439, 4445, 4446, 4447, 4454, 4455, 4456, 4457, 4460, 4461, 4462, 4463, 4464, 4465, 4554, 4591, 4592, 4605, 4606, 4617, 4618, 4629, 4630, 4631, 4637, 4638, 4639, 4640, 4641, 4642, 4643, 4644, 4645, 4646, 4647, 4648, 4649, 4747, 4748, 4750, 4784, 4785, 4787, 4789, 4791, 4793, 4795, 4822, 4823, 4824, 4825, 4826, 4827, 4828, 4832, 4833, 4834, 4835, 4836, 4895, 4896, 4934, 4936, 4949, 4951, 4952, 4953, 4954, 4955, 4956, 4957, 4958, 4959, 4960, 4961, 4973, 4976, 4977, 4978, 4979, 4980, 4981, 4982, 4983, 4984, 4985, 4986, 5050, 5053, 5107, 5108, 5119, 5120, 5131, 5135, 5136, 5140, 5141, 5142, 5145, 5146, 5147, 5148, 5149, 5150, 5151, 5152, 5153, 5154, 5155, 5159, 5226, 5273, 5274, 5275, 5276, 5277, 5278, 5279, 5280, 5281, 5282, 5283, 5284, 5285, 5312, 5313, 5318, 5321, 5322, 5323, 5324, 5325, 5328, 5329, 5330, 5331, 5332, 5333, 5335, 5421, 5422, 5423, 5493, 5495, 5497, 5507, 5521, 5524, 5525, 5526, 5529, 5530, 5531, 5532, 5533, 5540, 5541, 5542, 5608, 5609, 5662, 5675, 5687, 5688, 5701, 5702, 5703, 5704, 5705, 5706, 5709, 5712, 5713, 5714, 5717, 5718, 5719, 5720, 5723, 5724, 5728, 5776, 5826, 5828, 5830, 5841, 5842, 5843, 5844, 5845, 5846, 5847, 5848, 5849, 5850, 5853, 5854, 5855, 5856, 5871, 5872, 5873, 5876, 5877, 5878, 5881, 5882, 5883, 5886, 5887, 5888, 5922, 5927, 5976, 5977, 5978, 5979, 5990, 5991, 5992, 5994, 5995, 5996, 5997, 5998, 6012, 6013, 6014, 6015, 6016, 6017, 6018, 6019, 6020, 6023, 6028, 6029, 6030, 6033, 6104, 6142, 6143, 6144, 6145, 6146, 6147, 6148, 6149, 6150, 6151, 6152, 6153, 6162, 6163, 6164, 6165, 6172, 6173, 6174, 6175, 6176, 6179, 6181, 6182, 6184, 6185, 6190, 6241, 6242, 6243, 6285, 6286, 6287, 6297, 6301, 6302, 6304, 6305, 6308, 6309, 6310, 6311, 6312, 6315, 6316, 6317, 6320, 6322, 6323, 6356, 6357, 6358, 6359, 6360, 6361, 6362, 6407, 6408, 6409, 6410, 6411, 6420, 6421, 6422, 6423, 6424, 6428, 6429, 6430, 6431, 6432, 6433, 6434, 6435, 6439, 6440, 6441, 6442, 6443, 6444, 6445, 6446, 6447, 6448, 6449, 6450, 6479, 6484, 6485, 6535, 6536, 6537, 6546, 6547, 6548, 6549, 6550, 6551, 6554, 6559, 6562, 6567, 6568, 6569, 6570, 6571, 6573, 6610, 6615, 6616, 6667, 6668, 6669, 6670, 6671, 6672, 6673, 6682, 6683, 6684, 6685, 6686, 6687, 6688, 6690, 6691, 6692, 6693, 6694, 6695, 6696, 6697, 6698, 6699, 6702, 6703, 6704, 6705, 6707, 6708, 6709, 6710, 6711, 6750, 6751, 6752, 6753, 6754, 6755, 6756, 6757, 6758, 6808, 6817, 6818, 6819, 6820, 6851, 6852, 6853, 6892, 6893, 6894, 6930, 6933, 6944, 6945, 6946, 6956, 6957, 6958, 6960, 6962, 6970, 6971, 6972, 6978, 6979, 6980, 7013, 7021, 7022, 7061, 7070, 7071, 7072, 7073, 7074, 7075, 7076, 7083, 7086, 7087, 7093, 7096, 7097, 7099, 7158, 7204, 7205, 7207, 7210, 7211, 7212, 7217, 7218, 7219, 7220, 7221, 7223, 7262, 7263, 7264, 7265, 7266, 7267, 7268, 7269, 7270, 7271, 7272, 7306, 7317, 7318, 7323, 7324, 7327, 7328, 7329, 7333, 7336, 7337, 7338, 7339, 7340, 7387, 7388, 7389, 7390, 7428, 7429, 7438, 7439, 7440, 7441, 7442, 7443, 7444, 7449, 7450, 7451, 7452, 7453, 7454, 7455, 7456, 7457, 7501, 7502, 7542, 7543, 7544, 7545, 7548, 7549, 7550, 7551, 7553, 7554, 7557, 7558, 7565, 7566, 7567, 7568, 7569, 7570, 7571, 7572, 7573, 7579, 7625, 7626, 7627, 7628, 7652, 7653, 7662, 7663, 7664, 7665, 7666, 7667, 7668, 7674, 7677, 7684, 7685, 7686, 7687, 7690, 7691, 7694, 7696, 7731, 7745, 7746, 7747, 7748, 7773, 7782, 7783, 7784, 7785, 7786, 7787, 7788, 7789, 7790, 7791, 7792, 7793, 7794, 7797, 7798, 7799, 7800, 7801, 7802, 7803, 7808, 7809, 7810, 7811, 7812, 7813, 7814, 7815, 7819, 7877, 7878, 7879, 7880, 7908, 7919, 7920, 7927, 7928, 7929, 7930, 7931, 7932, 7935, 7936, 7937, 7938, 7939, 7940, 7941, 7942, 7943, 7944, 7945, 7946, 7947, 7948, 7949, 7950, 7951, 7952, 7953, 7954, 7978, 7993, 7994, 8039, 8040, 8049, 8050, 8051, 8052, 8053, 8056, 8057, 8058, 8059, 8060, 8061, 8062, 8066, 8067, 8070, 8091, 8092, 8093, 8098, 8099, 8100, 8101, 8102, 8103, 8104, 8105, 8106, 8107, 8142, 8152, 8153, 8154, 8155, 8156, 8157, 8158, 8159, 8160, 8161, 8162, 8165, 8166, 8167, 8168, 8170, 8171, 8172, 8173, 8174, 8175, 8176, 8179, 8180, 8181, 8358, 8359, 8360, 8361, 8391, 8403, 8404, 8405, 8409, 8412, 8413, 8414, 8417, 8425, 8428, 8493, 8494, 8519, 8529, 8535, 8536, 8537, 8538, 8539, 8540, 8541, 8542, 8543, 8544, 8545, 8546, 8549, 8550, 8551, 8552, 8553, 8554, 8555, 8556, 8559, 8562, 8563, 8564, 8565, 8566, 8567, 8568, 8569, 8570, 8571, 8611, 8622, 8623, 8624, 8625, 8641, 8652, 8653, 8654, 8655, 8656, 8657, 8658, 8659, 8660, 8661, 8662, 8663, 8666, 8667, 8668, 8669, 8670, 8671, 8672, 8673, 8674, 8675, 8676, 8711, 8719, 8737, 8738, 8739, 8740, 8762, 8763, 8764, 8765, 8769, 8770, 8771, 8772, 8773, 8774, 8775, 8776, 8779, 8780, 8781, 8782, 8783, 8784, 8785, 8786, 8787, 8788, 8789, 8790, 8791, 8792, 8793, 8794, 8795, 8796, 8797, 8798, 8799, 8832, 8983, 8984, 8998, 9013, 9014, 9015, 9016, 9017, 9018, 9019, 9020, 9021, 9022, 9023, 9024, 9025, 9028, 9029, 9030, 9031, 9032, 9033, 9034, 9035, 9036, 9037, 9038, 9040, 9041, 9042, 9043, 9044, 9045, 9046, 9047, 9048, 9049, 9050, 9082, 9104, 9105, 9132, 9133, 9140, 9141, 9142, 9143, 9144, 9145, 9146, 9147, 9148, 9151, 9152, 9153, 9154, 9155, 9156, 9158, 9159, 9160, 9163, 9164, 9165, 9186, 9187, 9209, 9210, 9211, 9212, 9238, 9239, 9243, 9244, 9245, 9246, 9247, 9248, 9249, 9250, 9251, 9252, 9253, 9254, 9257, 9258, 9259, 9260, 9261, 9262, 9263, 9264, 9265, 9266, 9267, 9268, 9269, 9270, 9271, 9272, 9273, 9274, 9275, 9315, 9316, 9333, 9343, 9344, 9345, 9346, 9347, 9353, 9354, 9355, 9356, 9357, 9358, 9359, 9360, 9364, 9365, 9366, 9367, 9368, 9369, 9370, 9371, 9372, 9373, 9374, 9426, 9427, 9428, 9445, 9446, 9455, 9456, 9457, 9458, 9459, 9463, 9464, 9468, 9469, 9474, 9475, 9476, 9477, 9478, 9479, 9480, 9481, 9482, 9581, 9582, 9584, 9585, 9653, 9704, 9705, 9730, 9732, 9733, 9774, 9776, 9777, 9778, 9779, 9806, 9827, 9828, 9829, 9830, 9857, 9858, 9870, 9871, 9876, 9877, 9884, 9885, 9886, 9930, 9931, 9951, 9952, 9963, 9964, 9965, 9972, 9973, 9974, 9975, 9978, 9979, 9980, 10020, 10021, 10056, 10057, 10058, 10059, 10060, 10061, 10062, 10063, 10064, 10065, 10066, 10067, 10069, 10071, 10073, 10074, 10075, 10114, 10115, 10116, 10137, 10148, 10149, 10150, 10154, 10155, 10156, 10157, 10158, 10159, 10160, 10161, 10165, 10166, 10167, 10168, 10170, 10205, 10206, 10207, 10225, 10234, 10235, 10236, 10237, 10238, 10242, 10243, 10244, 10245, 10246, 10247, 10256, 10257, 10258, 10259, 10260, 10261, 10262, 10263, 10299, 10300, 10301, 10314, 10315, 10317, 10326, 10327, 10328, 10329, 10333, 10334, 10335, 10336, 10337, 10338, 10339, 10340, 10341, 10342, 10343, 10344, 10347, 10348, 10349, 10350, 10351, 10352, 10353, 10354, 10381, 10391, 10392, 10393, 10403, 10413, 10414, 10415, 10416, 10417, 10418, 10419, 10420, 10424, 10425, 10426, 10429, 10430, 10431, 10435, 10436, 10437, 10438, 10439, 10440, 10441, 10469, 10483, 10493, 10500, 10502, 10512, 10513, 10514, 10515, 10518, 10519, 10523, 10524, 10525, 10530, 10531, 10532, 10533, 10534, 10535, 10536, 10537, 10538, 10539, 10540, 10541, 10542, 10544, 10566, 10581, 10583, 10584, 10595, 10596, 10603, 10604, 10605, 10606, 10607, 10608, 10609, 10612, 10613, 10614, 10620, 10621, 10622, 10623, 10624, 10625, 10666, 10667, 10684, 10686, 10687, 10688, 10692, 10693, 10694, 10695, 10704, 10707, 10708, 10709, 10710, 10711, 10712, 10713, 10714, 10716, 10717, 10718, 10719, 10720, 10721, 10722, 10741, 10744, 10745, 10765, 10766, 10767, 10768, 10769, 10770, 10771, 10772, 10779, 10780, 10808, 10821, 10822, 10823, 10824, 10825, 10826, 10841, 10842, 10846, 10853, 10854, 10855, 10863, 10865, 10885, 10889, 10891, 10892, 10915, 10916, 10919, 10920, 10921, 10922, 10923, 10924, 10925, 10926, 10927, 10952, 10953, 10954, 10955, 10956, 10957, 10987, 10988, 10989, 10990, 10991, 10994, 10995, 10996, 10997, 10998, 10999, 11000, 11001, 11002, 11003, 11007, 11008, 11031, 11038, 11049, 11070, 11092, 11097, 11098, 11101, 11102, 11103, 11114, 11118, 11125, 11126, 11185, 11223, 11226, 11227, 11228, 11231, 11235, 11266, 11267, 11268, 11292, 11293, 11294, 11342, 11343, 11362, 11363, 11364, 11366, 11367, 11368, 11369, 11370, 11373, 11374, 11375, 11376, 11377, 11382, 11384, 11385, 11408, 11435, 11462, 11463, 11464, 11465, 11468, 11469, 11470, 11476, 11503, 11504, 11505, 11533, 11534, 11535, 11536, 11537, 11538, 11542, 11544, 11559, 11560, 11561, 11562, 11569, 11586, 11587, 11588, 11613, 11618, 11622, 11623, 11624, 11625, 11626, 11627, 11628, 11630, 11631, 11632, 11635, 11636, 11647, 11648, 11659, 11666, 11667, 11668, 11692, 11693, 11694, 11695, 11696, 11697, 11736, 11746, 11747, 11748, 11749, 11767, 11768, 11769, 11776, 11777, 11782, 11784, 11811, 11819, 11820, 11821, 11829, 11830, 11831, 11832, 11833, 11834, 11841, 11842, 11843, 11844, 11845, 11846, 11847, 11848, 11849, 11850, 11926, 11927, 11928, 11929, 11930, 11931, 11932, 11933, 11934, 11935, 11936, 11937, 11938, 11939, 11940, 11941, 11942, 11950, 11951, 11952, 11953, 11963, 11965, 11966, 11967, 11968, 11969, 11970, 11971, 11972, 11973, 11974, 11975, 11976, 12033, 12058, 12063, 12077, 12078, 12088, 12095, 12107, 12115, 12124, 12125, 12133, 12145, 12153, 12174, 12179, 12199, 12208, 12209, 12210, 12211, 12223, 12224, 12225, 12235, 12254, 12267, 12269, 12271, 12301, 12302, 12314, 12343, 12344, 12345, 12346, 12352, 12369, 12370, 12371, 12372, 12373, 12379, 12380, 12381, 12397, 12398, 12399, 12417, 12418, 12431, 12432, 12433, 12434, 12465, 13146, 13147, 13148, 13162, 13163, 13186, 13187, 13268, 13284, 13294, 13295, 13314, 13374, 13403, 13404, 13430, 13431, 13478, 13479, 13566, 13567, 13590, 13591, 13597, 13598, 13599, 13600, 13601, 13602, 13603, 13604, 13605, 13618, 13619, 13622, 13634, 13659, 13660, 13661, 13762, 13763, 13764, 13948

=== Test Complete ===
